Archive member included because of file (symbol)

e:/00 3 nti emedded systems/module 2. avr/avr tools/sdk_win_64/sdk_win_64/winavr/bin/../lib/gcc/avr/4.3.3/avr5\libgcc.a(_mulsi3.o)
                              ./main.o (__mulsi3)
e:/00 3 nti emedded systems/module 2. avr/avr tools/sdk_win_64/sdk_win_64/winavr/bin/../lib/gcc/avr/4.3.3/avr5\libgcc.a(_udivmodhi4.o)
                              ./main.o (__udivmodhi4)
e:/00 3 nti emedded systems/module 2. avr/avr tools/sdk_win_64/sdk_win_64/winavr/bin/../lib/gcc/avr/4.3.3/avr5\libgcc.a(_udivmodsi4.o)
                              ./HAL/HCLCD/HCLCD_Program.o (__udivmodsi4)
e:/00 3 nti emedded systems/module 2. avr/avr tools/sdk_win_64/sdk_win_64/winavr/bin/../lib/gcc/avr/4.3.3/avr5\libgcc.a(_exit.o)
                              e:/00 3 nti emedded systems/module 2. avr/avr tools/sdk_win_64/sdk_win_64/winavr/bin/../lib/gcc/avr/4.3.3/../../../../avr/lib/avr5/crtm32.o (exit)
e:/00 3 nti emedded systems/module 2. avr/avr tools/sdk_win_64/sdk_win_64/winavr/bin/../lib/gcc/avr/4.3.3/avr5\libgcc.a(_copy_data.o)
                              ./HAL/HKPD/HKPD_Program.o (__do_copy_data)
e:/00 3 nti emedded systems/module 2. avr/avr tools/sdk_win_64/sdk_win_64/winavr/bin/../lib/gcc/avr/4.3.3/avr5\libgcc.a(_clear_bss.o)
                              ./MCAL/Timer/TIMER0_Program.o (__do_clear_bss)
e:/00 3 nti emedded systems/module 2. avr/avr tools/sdk_win_64/sdk_win_64/winavr/bin/../lib/gcc/avr/4.3.3/avr5\libgcc.a(_fixunssfsi.o)
                              ./HAL/HCLCD/HCLCD_Program.o (__fixunssfsi)
e:/00 3 nti emedded systems/module 2. avr/avr tools/sdk_win_64/sdk_win_64/winavr/bin/../lib/gcc/avr/4.3.3/avr5\libgcc.a(_addsub_sf.o)
                              e:/00 3 nti emedded systems/module 2. avr/avr tools/sdk_win_64/sdk_win_64/winavr/bin/../lib/gcc/avr/4.3.3/avr5\libgcc.a(_fixunssfsi.o) (__subsf3)
e:/00 3 nti emedded systems/module 2. avr/avr tools/sdk_win_64/sdk_win_64/winavr/bin/../lib/gcc/avr/4.3.3/avr5\libgcc.a(_mul_sf.o)
                              ./HAL/HCLCD/HCLCD_Program.o (__mulsf3)
e:/00 3 nti emedded systems/module 2. avr/avr tools/sdk_win_64/sdk_win_64/winavr/bin/../lib/gcc/avr/4.3.3/avr5\libgcc.a(_gt_sf.o)
                              ./HAL/HCLCD/HCLCD_Program.o (__gtsf2)
e:/00 3 nti emedded systems/module 2. avr/avr tools/sdk_win_64/sdk_win_64/winavr/bin/../lib/gcc/avr/4.3.3/avr5\libgcc.a(_ge_sf.o)
                              e:/00 3 nti emedded systems/module 2. avr/avr tools/sdk_win_64/sdk_win_64/winavr/bin/../lib/gcc/avr/4.3.3/avr5\libgcc.a(_fixunssfsi.o) (__gesf2)
e:/00 3 nti emedded systems/module 2. avr/avr tools/sdk_win_64/sdk_win_64/winavr/bin/../lib/gcc/avr/4.3.3/avr5\libgcc.a(_lt_sf.o)
                              ./HAL/HCLCD/HCLCD_Program.o (__ltsf2)
e:/00 3 nti emedded systems/module 2. avr/avr tools/sdk_win_64/sdk_win_64/winavr/bin/../lib/gcc/avr/4.3.3/avr5\libgcc.a(_sf_to_si.o)
                              e:/00 3 nti emedded systems/module 2. avr/avr tools/sdk_win_64/sdk_win_64/winavr/bin/../lib/gcc/avr/4.3.3/avr5\libgcc.a(_fixunssfsi.o) (__fixsfsi)
e:/00 3 nti emedded systems/module 2. avr/avr tools/sdk_win_64/sdk_win_64/winavr/bin/../lib/gcc/avr/4.3.3/avr5\libgcc.a(_thenan_sf.o)
                              e:/00 3 nti emedded systems/module 2. avr/avr tools/sdk_win_64/sdk_win_64/winavr/bin/../lib/gcc/avr/4.3.3/avr5\libgcc.a(_addsub_sf.o) (__thenan_sf)
e:/00 3 nti emedded systems/module 2. avr/avr tools/sdk_win_64/sdk_win_64/winavr/bin/../lib/gcc/avr/4.3.3/avr5\libgcc.a(_prologue.o)
                              e:/00 3 nti emedded systems/module 2. avr/avr tools/sdk_win_64/sdk_win_64/winavr/bin/../lib/gcc/avr/4.3.3/avr5\libgcc.a(_addsub_sf.o) (__prologue_saves__)
e:/00 3 nti emedded systems/module 2. avr/avr tools/sdk_win_64/sdk_win_64/winavr/bin/../lib/gcc/avr/4.3.3/avr5\libgcc.a(_epilogue.o)
                              e:/00 3 nti emedded systems/module 2. avr/avr tools/sdk_win_64/sdk_win_64/winavr/bin/../lib/gcc/avr/4.3.3/avr5\libgcc.a(_addsub_sf.o) (__epilogue_restores__)
e:/00 3 nti emedded systems/module 2. avr/avr tools/sdk_win_64/sdk_win_64/winavr/bin/../lib/gcc/avr/4.3.3/avr5\libgcc.a(_pack_sf.o)
                              e:/00 3 nti emedded systems/module 2. avr/avr tools/sdk_win_64/sdk_win_64/winavr/bin/../lib/gcc/avr/4.3.3/avr5\libgcc.a(_addsub_sf.o) (__pack_f)
e:/00 3 nti emedded systems/module 2. avr/avr tools/sdk_win_64/sdk_win_64/winavr/bin/../lib/gcc/avr/4.3.3/avr5\libgcc.a(_unpack_sf.o)
                              e:/00 3 nti emedded systems/module 2. avr/avr tools/sdk_win_64/sdk_win_64/winavr/bin/../lib/gcc/avr/4.3.3/avr5\libgcc.a(_addsub_sf.o) (__unpack_f)
e:/00 3 nti emedded systems/module 2. avr/avr tools/sdk_win_64/sdk_win_64/winavr/bin/../lib/gcc/avr/4.3.3/avr5\libgcc.a(_fpcmp_parts_sf.o)
                              e:/00 3 nti emedded systems/module 2. avr/avr tools/sdk_win_64/sdk_win_64/winavr/bin/../lib/gcc/avr/4.3.3/avr5\libgcc.a(_gt_sf.o) (__fpcmp_parts_f)
e:/00 3 nti emedded systems/module 2. avr/avr tools/sdk_win_64/sdk_win_64/winavr/bin/../lib/gcc/avr/4.3.3/../../../../avr/lib/avr5\libc.a(memcpy.o)
                              ./Free_RTOS/queue.o (memcpy)
e:/00 3 nti emedded systems/module 2. avr/avr tools/sdk_win_64/sdk_win_64/winavr/bin/../lib/gcc/avr/4.3.3/../../../../avr/lib/avr5\libc.a(memset.o)
                              ./Free_RTOS/tasks.o (memset)
e:/00 3 nti emedded systems/module 2. avr/avr tools/sdk_win_64/sdk_win_64/winavr/bin/../lib/gcc/avr/4.3.3/../../../../avr/lib/avr5\libc.a(strncpy.o)
                              ./Free_RTOS/tasks.o (strncpy)

Allocating common symbols
Common symbol       size              file

Water_Good_Buffer   0x2               ./main.o
TIMER0_CallBack     0x2               ./MCAL/Timer/TIMER0_Program.o
Motion_Buffer       0x2               ./main.o
Water_Alarm_Buffer  0x2               ./main.o
Temp_Alarm_Buffer   0x2               ./main.o
ADCSem              0x2               ./main.o
Servo_Direction_Buffer
                    0x2               ./main.o
New_Customer_Buffer
                    0x2               ./main.o
MADC_CallBack       0x2               ./MCAL/MADC/MADC_Program.o
Motor_Start_Buffer  0x2               ./main.o
DCBuffer            0x2               ./main.o
Motor_Buffer        0x2               ./main.o
MUSART_CallBack     0x2               ./MCAL/MUSART/MUSART_Program.o
Temp_Display_Buffer
                    0x2               ./main.o
Temp_Good_Buffer    0x2               ./main.o

Memory Configuration

Name             Origin             Length             Attributes
text             0x00000000         0x00020000         xr
data             0x00800060         0x0000ffa0         rw !x
eeprom           0x00810000         0x00010000         rw !x
fuse             0x00820000         0x00000400         rw !x
lock             0x00830000         0x00000400         rw !x
signature        0x00840000         0x00000400         rw !x
*default*        0x00000000         0xffffffff

Linker script and memory map

LOAD e:/00 3 nti emedded systems/module 2. avr/avr tools/sdk_win_64/sdk_win_64/winavr/bin/../lib/gcc/avr/4.3.3/../../../../avr/lib/avr5/crtm32.o
LOAD ./MCAL/Timer/TIMER0_Program.o
LOAD ./MCAL/MUSART/MUSART_Program.o
LOAD ./MCAL/MGIE/MGIE_Program.o
LOAD ./MCAL/MDIO/MDIO_Program.o
LOAD ./MCAL/MADC/MADC_Program.o
LOAD ./HAL/HMOTOR/HMOTOR_Program.o
LOAD ./HAL/HKPD/HKPD_Program.o
LOAD ./HAL/HCLCD/HCLCD_Program.o
LOAD ./Free_RTOS/croutine.o
LOAD ./Free_RTOS/heap_1.o
LOAD ./Free_RTOS/list.o
LOAD ./Free_RTOS/port.o
LOAD ./Free_RTOS/queue.o
LOAD ./Free_RTOS/tasks.o
LOAD ./Free_RTOS/timers.o
LOAD ./main.o
LOAD e:/00 3 nti emedded systems/module 2. avr/avr tools/sdk_win_64/sdk_win_64/winavr/bin/../lib/gcc/avr/4.3.3/avr5\libgcc.a
LOAD e:/00 3 nti emedded systems/module 2. avr/avr tools/sdk_win_64/sdk_win_64/winavr/bin/../lib/gcc/avr/4.3.3/../../../../avr/lib/avr5\libc.a
LOAD e:/00 3 nti emedded systems/module 2. avr/avr tools/sdk_win_64/sdk_win_64/winavr/bin/../lib/gcc/avr/4.3.3/avr5\libgcc.a

.hash
 *(.hash)

.dynsym
 *(.dynsym)

.dynstr
 *(.dynstr)

.gnu.version
 *(.gnu.version)

.gnu.version_d
 *(.gnu.version_d)

.gnu.version_r
 *(.gnu.version_r)

.rel.init
 *(.rel.init)

.rela.init
 *(.rela.init)

.rel.text
 *(.rel.text)
 *(.rel.text.*)
 *(.rel.gnu.linkonce.t*)

.rela.text
 *(.rela.text)
 *(.rela.text.*)
 *(.rela.gnu.linkonce.t*)

.rel.fini
 *(.rel.fini)

.rela.fini
 *(.rela.fini)

.rel.rodata
 *(.rel.rodata)
 *(.rel.rodata.*)
 *(.rel.gnu.linkonce.r*)

.rela.rodata
 *(.rela.rodata)
 *(.rela.rodata.*)
 *(.rela.gnu.linkonce.r*)

.rel.data
 *(.rel.data)
 *(.rel.data.*)
 *(.rel.gnu.linkonce.d*)

.rela.data
 *(.rela.data)
 *(.rela.data.*)
 *(.rela.gnu.linkonce.d*)

.rel.ctors
 *(.rel.ctors)

.rela.ctors
 *(.rela.ctors)

.rel.dtors
 *(.rel.dtors)

.rela.dtors
 *(.rela.dtors)

.rel.got
 *(.rel.got)

.rela.got
 *(.rela.got)

.rel.bss
 *(.rel.bss)

.rela.bss
 *(.rela.bss)

.rel.plt
 *(.rel.plt)

.rela.plt
 *(.rela.plt)

.text           0x00000000     0x7492
 *(.vectors)
 .vectors       0x00000000       0x54 e:/00 3 nti emedded systems/module 2. avr/avr tools/sdk_win_64/sdk_win_64/winavr/bin/../lib/gcc/avr/4.3.3/../../../../avr/lib/avr5/crtm32.o
                0x00000000                __vectors
                0x00000000                __vector_default
 *(.vectors)
 *(.progmem.gcc*)
 *(.progmem*)
                0x00000054                . = ALIGN (0x2)
                0x00000054                __trampolines_start = .
 *(.trampolines)
 .trampolines   0x00000054        0x0 linker stubs
 *(.trampolines*)
                0x00000054                __trampolines_end = .
 *(.jumptables)
 *(.jumptables*)
 *(.lowtext)
 *(.lowtext*)
                0x00000054                __ctors_start = .
 *(.ctors)
                0x00000054                __ctors_end = .
                0x00000054                __dtors_start = .
 *(.dtors)
                0x00000054                __dtors_end = .
 SORT(*)(.ctors)
 SORT(*)(.dtors)
 *(.init0)
 .init0         0x00000054        0x0 e:/00 3 nti emedded systems/module 2. avr/avr tools/sdk_win_64/sdk_win_64/winavr/bin/../lib/gcc/avr/4.3.3/../../../../avr/lib/avr5/crtm32.o
                0x00000054                __init
 *(.init0)
 *(.init1)
 *(.init1)
 *(.init2)
 .init2         0x00000054        0xc e:/00 3 nti emedded systems/module 2. avr/avr tools/sdk_win_64/sdk_win_64/winavr/bin/../lib/gcc/avr/4.3.3/../../../../avr/lib/avr5/crtm32.o
 *(.init2)
 *(.init3)
 *(.init3)
 *(.init4)
 .init4         0x00000060       0x16 e:/00 3 nti emedded systems/module 2. avr/avr tools/sdk_win_64/sdk_win_64/winavr/bin/../lib/gcc/avr/4.3.3/avr5\libgcc.a(_copy_data.o)
                0x00000060                __do_copy_data
 .init4         0x00000076       0x10 e:/00 3 nti emedded systems/module 2. avr/avr tools/sdk_win_64/sdk_win_64/winavr/bin/../lib/gcc/avr/4.3.3/avr5\libgcc.a(_clear_bss.o)
                0x00000076                __do_clear_bss
 *(.init4)
 *(.init5)
 *(.init5)
 *(.init6)
 *(.init6)
 *(.init7)
 *(.init7)
 *(.init8)
 *(.init8)
 *(.init9)
 .init9         0x00000086        0x8 e:/00 3 nti emedded systems/module 2. avr/avr tools/sdk_win_64/sdk_win_64/winavr/bin/../lib/gcc/avr/4.3.3/../../../../avr/lib/avr5/crtm32.o
 *(.init9)
 *(.text)
 .text          0x0000008e        0x4 e:/00 3 nti emedded systems/module 2. avr/avr tools/sdk_win_64/sdk_win_64/winavr/bin/../lib/gcc/avr/4.3.3/../../../../avr/lib/avr5/crtm32.o
                0x0000008e                __vector_1
                0x0000008e                __vector_12
                0x0000008e                __bad_interrupt
                0x0000008e                __vector_6
                0x0000008e                __vector_3
                0x0000008e                __vector_17
                0x0000008e                __vector_19
                0x0000008e                __vector_5
                0x0000008e                __vector_4
                0x0000008e                __vector_9
                0x0000008e                __vector_2
                0x0000008e                __vector_15
                0x0000008e                __vector_8
                0x0000008e                __vector_14
                0x0000008e                __vector_18
                0x0000008e                __vector_20
 .text          0x00000092        0x0 ./MCAL/Timer/TIMER0_Program.o
 .text          0x00000092        0x0 ./MCAL/MUSART/MUSART_Program.o
 .text          0x00000092        0x0 ./MCAL/MGIE/MGIE_Program.o
 .text          0x00000092        0x0 ./MCAL/MDIO/MDIO_Program.o
 .text          0x00000092        0x0 ./MCAL/MADC/MADC_Program.o
 .text          0x00000092        0x0 ./HAL/HMOTOR/HMOTOR_Program.o
 .text          0x00000092        0x0 ./HAL/HKPD/HKPD_Program.o
 .text          0x00000092        0x0 ./HAL/HCLCD/HCLCD_Program.o
 .text          0x00000092        0x0 ./Free_RTOS/croutine.o
 .text          0x00000092        0x0 ./Free_RTOS/heap_1.o
 .text          0x00000092        0x0 ./Free_RTOS/list.o
 .text          0x00000092        0x0 ./Free_RTOS/port.o
 .text          0x00000092        0x0 ./Free_RTOS/queue.o
 .text          0x00000092        0x0 ./Free_RTOS/tasks.o
 .text          0x00000092        0x0 ./Free_RTOS/timers.o
 .text          0x00000092        0x0 ./main.o
 .text          0x00000092        0x0 e:/00 3 nti emedded systems/module 2. avr/avr tools/sdk_win_64/sdk_win_64/winavr/bin/../lib/gcc/avr/4.3.3/avr5\libgcc.a(_mulsi3.o)
 .text          0x00000092        0x0 e:/00 3 nti emedded systems/module 2. avr/avr tools/sdk_win_64/sdk_win_64/winavr/bin/../lib/gcc/avr/4.3.3/avr5\libgcc.a(_udivmodhi4.o)
 .text          0x00000092        0x0 e:/00 3 nti emedded systems/module 2. avr/avr tools/sdk_win_64/sdk_win_64/winavr/bin/../lib/gcc/avr/4.3.3/avr5\libgcc.a(_udivmodsi4.o)
 .text          0x00000092        0x0 e:/00 3 nti emedded systems/module 2. avr/avr tools/sdk_win_64/sdk_win_64/winavr/bin/../lib/gcc/avr/4.3.3/avr5\libgcc.a(_exit.o)
 .text          0x00000092        0x0 e:/00 3 nti emedded systems/module 2. avr/avr tools/sdk_win_64/sdk_win_64/winavr/bin/../lib/gcc/avr/4.3.3/avr5\libgcc.a(_copy_data.o)
 .text          0x00000092        0x0 e:/00 3 nti emedded systems/module 2. avr/avr tools/sdk_win_64/sdk_win_64/winavr/bin/../lib/gcc/avr/4.3.3/avr5\libgcc.a(_clear_bss.o)
 .text          0x00000092       0x58 e:/00 3 nti emedded systems/module 2. avr/avr tools/sdk_win_64/sdk_win_64/winavr/bin/../lib/gcc/avr/4.3.3/avr5\libgcc.a(_fixunssfsi.o)
                0x00000092                __fixunssfsi
 .text          0x000000ea      0x354 e:/00 3 nti emedded systems/module 2. avr/avr tools/sdk_win_64/sdk_win_64/winavr/bin/../lib/gcc/avr/4.3.3/avr5\libgcc.a(_addsub_sf.o)
                0x00000382                __subsf3
                0x000003e4                __addsf3
 .text          0x0000043e      0x1f4 e:/00 3 nti emedded systems/module 2. avr/avr tools/sdk_win_64/sdk_win_64/winavr/bin/../lib/gcc/avr/4.3.3/avr5\libgcc.a(_mul_sf.o)
                0x0000043e                __mulsf3
 .text          0x00000632       0x60 e:/00 3 nti emedded systems/module 2. avr/avr tools/sdk_win_64/sdk_win_64/winavr/bin/../lib/gcc/avr/4.3.3/avr5\libgcc.a(_gt_sf.o)
                0x00000632                __gtsf2
 .text          0x00000692       0x60 e:/00 3 nti emedded systems/module 2. avr/avr tools/sdk_win_64/sdk_win_64/winavr/bin/../lib/gcc/avr/4.3.3/avr5\libgcc.a(_ge_sf.o)
                0x00000692                __gesf2
 .text          0x000006f2       0x60 e:/00 3 nti emedded systems/module 2. avr/avr tools/sdk_win_64/sdk_win_64/winavr/bin/../lib/gcc/avr/4.3.3/avr5\libgcc.a(_lt_sf.o)
                0x000006f2                __ltsf2
 .text          0x00000752       0xa8 e:/00 3 nti emedded systems/module 2. avr/avr tools/sdk_win_64/sdk_win_64/winavr/bin/../lib/gcc/avr/4.3.3/avr5\libgcc.a(_sf_to_si.o)
                0x00000752                __fixsfsi
 .text          0x000007fa        0x0 e:/00 3 nti emedded systems/module 2. avr/avr tools/sdk_win_64/sdk_win_64/winavr/bin/../lib/gcc/avr/4.3.3/avr5\libgcc.a(_thenan_sf.o)
 .text          0x000007fa        0x0 e:/00 3 nti emedded systems/module 2. avr/avr tools/sdk_win_64/sdk_win_64/winavr/bin/../lib/gcc/avr/4.3.3/avr5\libgcc.a(_prologue.o)
 .text          0x000007fa        0x0 e:/00 3 nti emedded systems/module 2. avr/avr tools/sdk_win_64/sdk_win_64/winavr/bin/../lib/gcc/avr/4.3.3/avr5\libgcc.a(_epilogue.o)
 .text          0x000007fa      0x1aa e:/00 3 nti emedded systems/module 2. avr/avr tools/sdk_win_64/sdk_win_64/winavr/bin/../lib/gcc/avr/4.3.3/avr5\libgcc.a(_pack_sf.o)
                0x000007fa                __pack_f
 .text          0x000009a4       0xf0 e:/00 3 nti emedded systems/module 2. avr/avr tools/sdk_win_64/sdk_win_64/winavr/bin/../lib/gcc/avr/4.3.3/avr5\libgcc.a(_unpack_sf.o)
                0x000009a4                __unpack_f
 .text          0x00000a94       0xb2 e:/00 3 nti emedded systems/module 2. avr/avr tools/sdk_win_64/sdk_win_64/winavr/bin/../lib/gcc/avr/4.3.3/avr5\libgcc.a(_fpcmp_parts_sf.o)
                0x00000a94                __fpcmp_parts_f
 .text          0x00000b46        0x0 e:/00 3 nti emedded systems/module 2. avr/avr tools/sdk_win_64/sdk_win_64/winavr/bin/../lib/gcc/avr/4.3.3/../../../../avr/lib/avr5\libc.a(memcpy.o)
 .text          0x00000b46        0x0 e:/00 3 nti emedded systems/module 2. avr/avr tools/sdk_win_64/sdk_win_64/winavr/bin/../lib/gcc/avr/4.3.3/../../../../avr/lib/avr5\libc.a(memset.o)
 .text          0x00000b46        0x0 e:/00 3 nti emedded systems/module 2. avr/avr tools/sdk_win_64/sdk_win_64/winavr/bin/../lib/gcc/avr/4.3.3/../../../../avr/lib/avr5\libc.a(strncpy.o)
                0x00000b46                . = ALIGN (0x2)
 *(.text.*)
 .text.TIMER0_VidInit
                0x00000b46       0x7e ./MCAL/Timer/TIMER0_Program.o
                0x00000b46                TIMER0_VidInit
 .text.TIMER0_VidSetPreload
                0x00000bc4       0x1c ./MCAL/Timer/TIMER0_Program.o
                0x00000bc4                TIMER0_VidSetPreload
 .text.TIMER0_VidSetCTCValue
                0x00000be0       0x1c ./MCAL/Timer/TIMER0_Program.o
                0x00000be0                TIMER0_VidSetCTCValue
 .text.TIMER0_VidCTC_SetCallBack
                0x00000bfc       0x24 ./MCAL/Timer/TIMER0_Program.o
                0x00000bfc                TIMER0_VidCTC_SetCallBack
 .text.TIMER0_VidOverFlow_SetCallBack
                0x00000c20       0x24 ./MCAL/Timer/TIMER0_Program.o
                0x00000c20                TIMER0_VidOverFlow_SetCallBack
 .text.__vector_10
                0x00000c44       0x5a ./MCAL/Timer/TIMER0_Program.o
                0x00000c44                __vector_10
 .text.__vector_11
                0x00000c9e       0x5a ./MCAL/Timer/TIMER0_Program.o
                0x00000c9e                __vector_11
 .text.MUSART_VidInit
                0x00000cf8       0x78 ./MCAL/MUSART/MUSART_Program.o
                0x00000cf8                MUSART_VidInit
 .text.MUSART_VidSendChar
                0x00000d70       0x34 ./MCAL/MUSART/MUSART_Program.o
                0x00000d70                MUSART_VidSendChar
 .text.MUSART_u8ReceiveData
                0x00000da4       0x14 ./MCAL/MUSART/MUSART_Program.o
                0x00000da4                MUSART_u8ReceiveData
 .text.MUSART_VidSendString
                0x00000db8       0x52 ./MCAL/MUSART/MUSART_Program.o
                0x00000db8                MUSART_VidSendString
 .text.MUSART_VidReceiveString
                0x00000e0a       0x5c ./MCAL/MUSART/MUSART_Program.o
                0x00000e0a                MUSART_VidReceiveString
 .text.MUSART_VidUSART_Receive_Interrupt_Enable
                0x00000e66       0x1c ./MCAL/MUSART/MUSART_Program.o
                0x00000e66                MUSART_VidUSART_Receive_Interrupt_Enable
 .text.MUSART_VidSetCallBack
                0x00000e82       0x24 ./MCAL/MUSART/MUSART_Program.o
                0x00000e82                MUSART_VidSetCallBack
 .text.__vector_13
                0x00000ea6       0x5a ./MCAL/MUSART/MUSART_Program.o
                0x00000ea6                __vector_13
 .text.MGIE_VidEnable
                0x00000f00       0x1c ./MCAL/MGIE/MGIE_Program.o
                0x00000f00                MGIE_VidEnable
 .text.MGIE_VidDisable
                0x00000f1c       0x1c ./MCAL/MGIE/MGIE_Program.o
                0x00000f1c                MGIE_VidDisable
 .text.MDIO_Error_State_SetPinDirection
                0x00000f38      0x206 ./MCAL/MDIO/MDIO_Program.o
                0x00000f38                MDIO_Error_State_SetPinDirection
 .text.MDIO_Error_State_SetPortDirection
                0x0000113e       0xa0 ./MCAL/MDIO/MDIO_Program.o
                0x0000113e                MDIO_Error_State_SetPortDirection
 .text.MDIO_Error_State_SetPinValue
                0x000011de      0x206 ./MCAL/MDIO/MDIO_Program.o
                0x000011de                MDIO_Error_State_SetPinValue
 .text.MDIO_Error_State_SetPortValue
                0x000013e4       0x90 ./MCAL/MDIO/MDIO_Program.o
                0x000013e4                MDIO_Error_State_SetPortValue
 .text.MDIO_Error_State_GetPinValue
                0x00001474      0x124 ./MCAL/MDIO/MDIO_Program.o
                0x00001474                MDIO_Error_State_GetPinValue
 .text.MDIO_Error_State_TogglePinValue
                0x00001598      0x114 ./MCAL/MDIO/MDIO_Program.o
                0x00001598                MDIO_Error_State_TogglePinValue
 .text.MDIO_Vid_PullUpResistor
                0x000016ac       0x2c ./MCAL/MDIO/MDIO_Program.o
                0x000016ac                MDIO_Vid_PullUpResistor
 .text.MDIO_Error_State_SetNibbleDirection
                0x000016d8      0x1fc ./MCAL/MDIO/MDIO_Program.o
                0x000016d8                MDIO_Error_State_SetNibbleDirection
 .text.MDIO_Error_State_SetMostSignificantNibbleValues
                0x000018d4       0xba ./MCAL/MDIO/MDIO_Program.o
                0x000018d4                MDIO_Error_State_SetMostSignificantNibbleValues
 .text.MDIO_Error_State_SetLeastSignificantNibbleValues
                0x0000198e       0xba ./MCAL/MDIO/MDIO_Program.o
                0x0000198e                MDIO_Error_State_SetLeastSignificantNibbleValues
 .text.MDIO_Error_State_SetNibbleValue
                0x00001a48      0x160 ./MCAL/MDIO/MDIO_Program.o
                0x00001a48                MDIO_Error_State_SetNibbleValue
 .text.MADC_VidInit
                0x00001ba8       0xa8 ./MCAL/MADC/MADC_Program.o
                0x00001ba8                MADC_VidInit
 .text.MADC_u16ADCStartConversion
                0x00001c50       0x64 ./MCAL/MADC/MADC_Program.o
                0x00001c50                MADC_u16ADCStartConversion
 .text.MADC_u16ADCStartConversion_ISR
                0x00001cb4       0x46 ./MCAL/MADC/MADC_Program.o
                0x00001cb4                MADC_u16ADCStartConversion_ISR
 .text.MADC_VidADC_ReturnADC
                0x00001cfa       0x16 ./MCAL/MADC/MADC_Program.o
                0x00001cfa                MADC_VidADC_ReturnADC
 .text.MADC_VidADC_SetCallBack
                0x00001d10       0x24 ./MCAL/MADC/MADC_Program.o
                0x00001d10                MADC_VidADC_SetCallBack
 .text.__vector_16
                0x00001d34       0x5a ./MCAL/MADC/MADC_Program.o
                0x00001d34                __vector_16
 .text.HMOTOR_VidInit
                0x00001d8e       0x22 ./HAL/HMOTOR/HMOTOR_Program.o
                0x00001d8e                HMOTOR_VidInit
 .text.HMOTOR_VidForward
                0x00001db0       0x22 ./HAL/HMOTOR/HMOTOR_Program.o
                0x00001db0                HMOTOR_VidForward
 .text.HMOTOR_VidBackward
                0x00001dd2       0x22 ./HAL/HMOTOR/HMOTOR_Program.o
                0x00001dd2                HMOTOR_VidBackward
 .text.HMOTOR_VidHold
                0x00001df4       0x22 ./HAL/HMOTOR/HMOTOR_Program.o
                0x00001df4                HMOTOR_VidHold
 .text.HKPD_VidInit
                0x00001e16       0x2e ./HAL/HKPD/HKPD_Program.o
                0x00001e16                HKPD_VidInit
 .text.HKPD_u8GetKeyPressed
                0x00001e44       0xb0 ./HAL/HKPD/HKPD_Program.o
                0x00001e44                HKPD_u8GetKeyPressed
 .text.HCLCD_Vid8Bits_Init
                0x00001ef4      0x50a ./HAL/HCLCD/HCLCD_Program.o
                0x00001ef4                HCLCD_Vid8Bits_Init
 .text.HCLCD_VidWriteChar_8Bits
                0x000023fe      0x30e ./HAL/HCLCD/HCLCD_Program.o
                0x000023fe                HCLCD_VidWriteChar_8Bits
 .text.HCLCD_VidWriteCommand_8Bits
                0x0000270c      0x30e ./HAL/HCLCD/HCLCD_Program.o
                0x0000270c                HCLCD_VidWriteCommand_8Bits
 .text.HCLCD_VidWriteString_8Bits
                0x00002a1a       0x52 ./HAL/HCLCD/HCLCD_Program.o
                0x00002a1a                HCLCD_VidWriteString_8Bits
 .text.HCLCD_VidWriteNumber_8Bits
                0x00002a6c       0xee ./HAL/HCLCD/HCLCD_Program.o
                0x00002a6c                HCLCD_VidWriteNumber_8Bits
 .text.HCLCD_VidSetPosition_8Bits
                0x00002b5a       0x42 ./HAL/HCLCD/HCLCD_Program.o
                0x00002b5a                HCLCD_VidSetPosition_8Bits
 .text.HCLCD_vid4Bits_Init
                0x00002b9c      0x814 ./HAL/HCLCD/HCLCD_Program.o
                0x00002b9c                HCLCD_vid4Bits_Init
 .text.HCLCD_VidWriteCommand_4Bits
                0x000033b0      0x424 ./HAL/HCLCD/HCLCD_Program.o
                0x000033b0                HCLCD_VidWriteCommand_4Bits
 .text.HCLCD_VidWriteChar_4Bits
                0x000037d4      0x424 ./HAL/HCLCD/HCLCD_Program.o
                0x000037d4                HCLCD_VidWriteChar_4Bits
 .text.HCLCD_VidWriteString4Bits
                0x00003bf8       0x52 ./HAL/HCLCD/HCLCD_Program.o
                0x00003bf8                HCLCD_VidWriteString4Bits
 .text.HCLCD_VidWriteNumber_4Bits
                0x00003c4a       0xee ./HAL/HCLCD/HCLCD_Program.o
                0x00003c4a                HCLCD_VidWriteNumber_4Bits
 .text.xCoRoutineCreate
                0x00003d38      0x128 ./Free_RTOS/croutine.o
                0x00003d38                xCoRoutineCreate
 .text.vCoRoutineAddToDelayedList
                0x00003e60       0xc2 ./Free_RTOS/croutine.o
                0x00003e60                vCoRoutineAddToDelayedList
 .text.prvCheckPendingReadyList
                0x00003f22       0x94 ./Free_RTOS/croutine.o
 .text.prvCheckDelayedList
                0x00003fb6      0x15c ./Free_RTOS/croutine.o
 .text.vCoRoutineSchedule
                0x00004112       0xf4 ./Free_RTOS/croutine.o
                0x00004112                vCoRoutineSchedule
 .text.prvInitialiseCoRoutineLists
                0x00004206       0x72 ./Free_RTOS/croutine.o
 .text.xCoRoutineRemoveFromEventList
                0x00004278       0x70 ./Free_RTOS/croutine.o
                0x00004278                xCoRoutineRemoveFromEventList
 .text.pvPortMalloc
                0x000042e8       0x8c ./Free_RTOS/heap_1.o
                0x000042e8                pvPortMalloc
 .text.vPortFree
                0x00004374       0x18 ./Free_RTOS/heap_1.o
                0x00004374                vPortFree
 .text.vPortInitialiseBlocks
                0x0000438c       0x16 ./Free_RTOS/heap_1.o
                0x0000438c                vPortInitialiseBlocks
 .text.xPortGetFreeHeapSize
                0x000043a2       0x1e ./Free_RTOS/heap_1.o
                0x000043a2                xPortGetFreeHeapSize
 .text.vListInitialise
                0x000043c0       0x54 ./Free_RTOS/list.o
                0x000043c0                vListInitialise
 .text.vListInitialiseItem
                0x00004414       0x20 ./Free_RTOS/list.o
                0x00004414                vListInitialiseItem
 .text.vListInsertEnd
                0x00004434       0x98 ./Free_RTOS/list.o
                0x00004434                vListInsertEnd
 .text.vListInsert
                0x000044cc       0xd8 ./Free_RTOS/list.o
                0x000044cc                vListInsert
 .text.vListRemove
                0x000045a4       0x92 ./Free_RTOS/list.o
                0x000045a4                vListRemove
 .text.pxPortInitialiseStack
                0x00004636      0x306 ./Free_RTOS/port.o
                0x00004636                pxPortInitialiseStack
 .text.xPortStartScheduler
                0x0000493c       0x6a ./Free_RTOS/port.o
                0x0000493c                xPortStartScheduler
 .text.vPortEndScheduler
                0x000049a6        0xe ./Free_RTOS/port.o
                0x000049a6                vPortEndScheduler
 .text.vPortYield
                0x000049b4       0xb2 ./Free_RTOS/port.o
                0x000049b4                vPortYield
 .text.vPortYieldFromTick
                0x00004a66       0xb6 ./Free_RTOS/port.o
                0x00004a66                vPortYieldFromTick
 .text.prvSetupTimerInterrupt
                0x00004b1c       0xb8 ./Free_RTOS/port.o
 .text.__vector_7
                0x00004bd4        0x6 ./Free_RTOS/port.o
                0x00004bd4                __vector_7
 .text.xQueueCreate
                0x00004bda      0x152 ./Free_RTOS/queue.o
                0x00004bda                xQueueCreate
 .text.xQueueCreateMutex
                0x00004d2c       0x96 ./Free_RTOS/queue.o
                0x00004d2c                xQueueCreateMutex
 .text.xQueueCreateCountingSemaphore
                0x00004dc2       0x3e ./Free_RTOS/queue.o
                0x00004dc2                xQueueCreateCountingSemaphore
 .text.xQueueGenericSend
                0x00004e00      0x13c ./Free_RTOS/queue.o
                0x00004e00                xQueueGenericSend
 .text.xQueueGenericSendFromISR
                0x00004f3c       0x9a ./Free_RTOS/queue.o
                0x00004f3c                xQueueGenericSendFromISR
 .text.xQueueGenericReceive
                0x00004fd6      0x1ba ./Free_RTOS/queue.o
                0x00004fd6                xQueueGenericReceive
 .text.xQueueReceiveFromISR
                0x00005190       0x9e ./Free_RTOS/queue.o
                0x00005190                xQueueReceiveFromISR
 .text.uxQueueMessagesWaiting
                0x0000522e       0x30 ./Free_RTOS/queue.o
                0x0000522e                uxQueueMessagesWaiting
 .text.uxQueueMessagesWaitingFromISR
                0x0000525e       0x26 ./Free_RTOS/queue.o
                0x0000525e                uxQueueMessagesWaitingFromISR
 .text.vQueueDelete
                0x00005284       0x2c ./Free_RTOS/queue.o
                0x00005284                vQueueDelete
 .text.prvCopyDataToQueue
                0x000052b0      0x14c ./Free_RTOS/queue.o
 .text.prvCopyDataFromQueue
                0x000053fc       0x90 ./Free_RTOS/queue.o
 .text.prvUnlockQueue
                0x0000548c       0xa8 ./Free_RTOS/queue.o
 .text.prvIsQueueEmpty
                0x00005534       0x38 ./Free_RTOS/queue.o
 .text.xQueueIsQueueEmptyFromISR
                0x0000556c       0x2e ./Free_RTOS/queue.o
                0x0000556c                xQueueIsQueueEmptyFromISR
 .text.prvIsQueueFull
                0x0000559a       0x3e ./Free_RTOS/queue.o
 .text.xQueueIsQueueFullFromISR
                0x000055d8       0x34 ./Free_RTOS/queue.o
                0x000055d8                xQueueIsQueueFullFromISR
 .text.xTaskGenericCreate
                0x0000560c      0x1da ./Free_RTOS/tasks.o
                0x0000560c                xTaskGenericCreate
 .text.vTaskDelete
                0x000057e6       0xc6 ./Free_RTOS/tasks.o
                0x000057e6                vTaskDelete
 .text.vTaskDelayUntil
                0x000058ac       0xe8 ./Free_RTOS/tasks.o
                0x000058ac                vTaskDelayUntil
 .text.vTaskDelay
                0x00005994       0x6a ./Free_RTOS/tasks.o
                0x00005994                vTaskDelay
 .text.vTaskStartScheduler
                0x000059fe       0x6e ./Free_RTOS/tasks.o
                0x000059fe                vTaskStartScheduler
 .text.vTaskEndScheduler
                0x00005a6c       0x18 ./Free_RTOS/tasks.o
                0x00005a6c                vTaskEndScheduler
 .text.vTaskSuspendAll
                0x00005a84       0x18 ./Free_RTOS/tasks.o
                0x00005a84                vTaskSuspendAll
 .text.xTaskResumeAll
                0x00005a9c      0x114 ./Free_RTOS/tasks.o
                0x00005a9c                xTaskResumeAll
 .text.xTaskGetTickCount
                0x00005bb0       0x2e ./Free_RTOS/tasks.o
                0x00005bb0                xTaskGetTickCount
 .text.xTaskGetTickCountFromISR
                0x00005bde       0x2a ./Free_RTOS/tasks.o
                0x00005bde                xTaskGetTickCountFromISR
 .text.uxTaskGetNumberOfTasks
                0x00005c08       0x12 ./Free_RTOS/tasks.o
                0x00005c08                uxTaskGetNumberOfTasks
 .text.vTaskIncrementTick
                0x00005c1a      0x1aa ./Free_RTOS/tasks.o
                0x00005c1a                vTaskIncrementTick
 .text.vTaskSwitchContext
                0x00005dc4       0xcc ./Free_RTOS/tasks.o
                0x00005dc4                vTaskSwitchContext
 .text.vTaskPlaceOnEventList
                0x00005e90       0x6c ./Free_RTOS/tasks.o
                0x00005e90                vTaskPlaceOnEventList
 .text.xTaskRemoveFromEventList
                0x00005efc       0xd0 ./Free_RTOS/tasks.o
                0x00005efc                xTaskRemoveFromEventList
 .text.vTaskSetTimeOutState
                0x00005fcc       0x32 ./Free_RTOS/tasks.o
                0x00005fcc                vTaskSetTimeOutState
 .text.xTaskCheckForTimeOut
                0x00005ffe       0xba ./Free_RTOS/tasks.o
                0x00005ffe                xTaskCheckForTimeOut
 .text.vTaskMissedYield
                0x000060b8       0x14 ./Free_RTOS/tasks.o
                0x000060b8                vTaskMissedYield
 .text.prvIdleTask
                0x000060cc       0x14 ./Free_RTOS/tasks.o
 .text.prvInitialiseTCBVariables
                0x000060e0       0xb6 ./Free_RTOS/tasks.o
 .text.prvInitialiseTaskLists
                0x00006196       0x7a ./Free_RTOS/tasks.o
 .text.prvCheckTasksWaitingTermination
                0x00006210       0x7c ./Free_RTOS/tasks.o
 .text.prvAddCurrentTaskToDelayedList
                0x0000628c       0x92 ./Free_RTOS/tasks.o
 .text.prvAllocateTCBAndStack
                0x0000631e       0xa0 ./Free_RTOS/tasks.o
 .text.prvDeleteTCB
                0x000063be       0x2c ./Free_RTOS/tasks.o
 .text.xTaskGetCurrentTaskHandle
                0x000063ea       0x24 ./Free_RTOS/tasks.o
                0x000063ea                xTaskGetCurrentTaskHandle
 .text.vTaskPriorityInherit
                0x0000640e      0x100 ./Free_RTOS/tasks.o
                0x0000640e                vTaskPriorityInherit
 .text.vTaskPriorityDisinherit
                0x0000650e       0xbe ./Free_RTOS/tasks.o
                0x0000650e                vTaskPriorityDisinherit
 .text.main     0x000065cc      0x2a6 ./main.o
                0x000065cc                main
 .text.Task_PIR_Motion
                0x00006872       0x5a ./main.o
                0x00006872                Task_PIR_Motion
 .text.DC_Control
                0x000068cc       0x90 ./main.o
                0x000068cc                DC_Control
 .text.Task_Servo
                0x0000695c       0xa6 ./main.o
                0x0000695c                Task_Servo
 .text.Task_Buzzer
                0x00006a02      0x128 ./main.o
                0x00006a02                Task_Buzzer
 .text.Task_SSD
                0x00006b2a      0x15a ./main.o
                0x00006b2a                Task_SSD
 .text.Task_Water_Read
                0x00006c84       0xee ./main.o
                0x00006c84                Task_Water_Read
 .text.Task_LDR
                0x00006d72      0x110 ./main.o
                0x00006d72                Task_LDR
 .text.Task_TEMP
                0x00006e82      0x150 ./main.o
                0x00006e82                Task_TEMP
 .text.Task_Control
                0x00006fd2      0x264 ./main.o
                0x00006fd2                Task_Control
 .text.ADC_SetNotification
                0x00007236       0x24 ./main.o
                0x00007236                ADC_SetNotification
 .text.Timer_ISR
                0x0000725a       0xde ./main.o
                0x0000725a                Timer_ISR
 .text.libgcc   0x00007338       0x3e e:/00 3 nti emedded systems/module 2. avr/avr tools/sdk_win_64/sdk_win_64/winavr/bin/../lib/gcc/avr/4.3.3/avr5\libgcc.a(_mulsi3.o)
                0x00007338                __mulsi3
 .text.libgcc   0x00007376       0x28 e:/00 3 nti emedded systems/module 2. avr/avr tools/sdk_win_64/sdk_win_64/winavr/bin/../lib/gcc/avr/4.3.3/avr5\libgcc.a(_udivmodhi4.o)
                0x00007376                __udivmodhi4
 .text.libgcc   0x0000739e       0x44 e:/00 3 nti emedded systems/module 2. avr/avr tools/sdk_win_64/sdk_win_64/winavr/bin/../lib/gcc/avr/4.3.3/avr5\libgcc.a(_udivmodsi4.o)
                0x0000739e                __udivmodsi4
 .text.libgcc   0x000073e2        0x0 e:/00 3 nti emedded systems/module 2. avr/avr tools/sdk_win_64/sdk_win_64/winavr/bin/../lib/gcc/avr/4.3.3/avr5\libgcc.a(_exit.o)
 .text.libgcc   0x000073e2        0x0 e:/00 3 nti emedded systems/module 2. avr/avr tools/sdk_win_64/sdk_win_64/winavr/bin/../lib/gcc/avr/4.3.3/avr5\libgcc.a(_copy_data.o)
 .text.libgcc   0x000073e2        0x0 e:/00 3 nti emedded systems/module 2. avr/avr tools/sdk_win_64/sdk_win_64/winavr/bin/../lib/gcc/avr/4.3.3/avr5\libgcc.a(_clear_bss.o)
 .text.libgcc   0x000073e2       0x38 e:/00 3 nti emedded systems/module 2. avr/avr tools/sdk_win_64/sdk_win_64/winavr/bin/../lib/gcc/avr/4.3.3/avr5\libgcc.a(_prologue.o)
                0x000073e2                __prologue_saves__
 .text.libgcc   0x0000741a       0x36 e:/00 3 nti emedded systems/module 2. avr/avr tools/sdk_win_64/sdk_win_64/winavr/bin/../lib/gcc/avr/4.3.3/avr5\libgcc.a(_epilogue.o)
                0x0000741a                __epilogue_restores__
 .text.avr-libc
                0x00007450       0x12 e:/00 3 nti emedded systems/module 2. avr/avr tools/sdk_win_64/sdk_win_64/winavr/bin/../lib/gcc/avr/4.3.3/../../../../avr/lib/avr5\libc.a(memcpy.o)
                0x00007450                memcpy
 .text.avr-libc
                0x00007462        0xe e:/00 3 nti emedded systems/module 2. avr/avr tools/sdk_win_64/sdk_win_64/winavr/bin/../lib/gcc/avr/4.3.3/../../../../avr/lib/avr5\libc.a(memset.o)
                0x00007462                memset
 .text.avr-libc
                0x00007470       0x1e e:/00 3 nti emedded systems/module 2. avr/avr tools/sdk_win_64/sdk_win_64/winavr/bin/../lib/gcc/avr/4.3.3/../../../../avr/lib/avr5\libc.a(strncpy.o)
                0x00007470                strncpy
                0x0000748e                . = ALIGN (0x2)
 *(.fini9)
 .fini9         0x0000748e        0x0 e:/00 3 nti emedded systems/module 2. avr/avr tools/sdk_win_64/sdk_win_64/winavr/bin/../lib/gcc/avr/4.3.3/avr5\libgcc.a(_exit.o)
                0x0000748e                exit
                0x0000748e                _exit
 *(.fini9)
 *(.fini8)
 *(.fini8)
 *(.fini7)
 *(.fini7)
 *(.fini6)
 *(.fini6)
 *(.fini5)
 *(.fini5)
 *(.fini4)
 *(.fini4)
 *(.fini3)
 *(.fini3)
 *(.fini2)
 *(.fini2)
 *(.fini1)
 *(.fini1)
 *(.fini0)
 .fini0         0x0000748e        0x4 e:/00 3 nti emedded systems/module 2. avr/avr tools/sdk_win_64/sdk_win_64/winavr/bin/../lib/gcc/avr/4.3.3/avr5\libgcc.a(_exit.o)
 *(.fini0)
                0x00007492                _etext = .

.data           0x00800060       0x3e load address 0x00007492
                0x00800060                PROVIDE (__data_start, .)
 *(.data)
 .data          0x00800060        0x0 e:/00 3 nti emedded systems/module 2. avr/avr tools/sdk_win_64/sdk_win_64/winavr/bin/../lib/gcc/avr/4.3.3/../../../../avr/lib/avr5/crtm32.o
 .data          0x00800060        0x0 ./MCAL/Timer/TIMER0_Program.o
 .data          0x00800060        0x0 ./MCAL/MUSART/MUSART_Program.o
 .data          0x00800060        0x0 ./MCAL/MGIE/MGIE_Program.o
 .data          0x00800060        0x0 ./MCAL/MDIO/MDIO_Program.o
 .data          0x00800060        0x0 ./MCAL/MADC/MADC_Program.o
 .data          0x00800060        0x0 ./HAL/HMOTOR/HMOTOR_Program.o
 .data          0x00800060        0x0 ./HAL/HKPD/HKPD_Program.o
 .data          0x00800060        0x0 ./HAL/HCLCD/HCLCD_Program.o
 .data          0x00800060        0x0 ./Free_RTOS/croutine.o
 .data          0x00800060        0x0 ./Free_RTOS/heap_1.o
 .data          0x00800060        0x0 ./Free_RTOS/list.o
 .data          0x00800060        0x0 ./Free_RTOS/port.o
 .data          0x00800060        0x0 ./Free_RTOS/queue.o
 .data          0x00800060        0x5 ./Free_RTOS/tasks.o
 .data          0x00800065        0x0 ./Free_RTOS/timers.o
 .data          0x00800065        0x0 ./main.o
 .data          0x00800065        0x0 e:/00 3 nti emedded systems/module 2. avr/avr tools/sdk_win_64/sdk_win_64/winavr/bin/../lib/gcc/avr/4.3.3/avr5\libgcc.a(_mulsi3.o)
 .data          0x00800065        0x0 e:/00 3 nti emedded systems/module 2. avr/avr tools/sdk_win_64/sdk_win_64/winavr/bin/../lib/gcc/avr/4.3.3/avr5\libgcc.a(_udivmodhi4.o)
 .data          0x00800065        0x0 e:/00 3 nti emedded systems/module 2. avr/avr tools/sdk_win_64/sdk_win_64/winavr/bin/../lib/gcc/avr/4.3.3/avr5\libgcc.a(_udivmodsi4.o)
 .data          0x00800065        0x0 e:/00 3 nti emedded systems/module 2. avr/avr tools/sdk_win_64/sdk_win_64/winavr/bin/../lib/gcc/avr/4.3.3/avr5\libgcc.a(_exit.o)
 .data          0x00800065        0x0 e:/00 3 nti emedded systems/module 2. avr/avr tools/sdk_win_64/sdk_win_64/winavr/bin/../lib/gcc/avr/4.3.3/avr5\libgcc.a(_copy_data.o)
 .data          0x00800065        0x0 e:/00 3 nti emedded systems/module 2. avr/avr tools/sdk_win_64/sdk_win_64/winavr/bin/../lib/gcc/avr/4.3.3/avr5\libgcc.a(_clear_bss.o)
 .data          0x00800065        0x0 e:/00 3 nti emedded systems/module 2. avr/avr tools/sdk_win_64/sdk_win_64/winavr/bin/../lib/gcc/avr/4.3.3/avr5\libgcc.a(_fixunssfsi.o)
 .data          0x00800065        0x0 e:/00 3 nti emedded systems/module 2. avr/avr tools/sdk_win_64/sdk_win_64/winavr/bin/../lib/gcc/avr/4.3.3/avr5\libgcc.a(_addsub_sf.o)
 .data          0x00800065        0x0 e:/00 3 nti emedded systems/module 2. avr/avr tools/sdk_win_64/sdk_win_64/winavr/bin/../lib/gcc/avr/4.3.3/avr5\libgcc.a(_mul_sf.o)
 .data          0x00800065        0x0 e:/00 3 nti emedded systems/module 2. avr/avr tools/sdk_win_64/sdk_win_64/winavr/bin/../lib/gcc/avr/4.3.3/avr5\libgcc.a(_gt_sf.o)
 .data          0x00800065        0x0 e:/00 3 nti emedded systems/module 2. avr/avr tools/sdk_win_64/sdk_win_64/winavr/bin/../lib/gcc/avr/4.3.3/avr5\libgcc.a(_ge_sf.o)
 .data          0x00800065        0x0 e:/00 3 nti emedded systems/module 2. avr/avr tools/sdk_win_64/sdk_win_64/winavr/bin/../lib/gcc/avr/4.3.3/avr5\libgcc.a(_lt_sf.o)
 .data          0x00800065        0x0 e:/00 3 nti emedded systems/module 2. avr/avr tools/sdk_win_64/sdk_win_64/winavr/bin/../lib/gcc/avr/4.3.3/avr5\libgcc.a(_sf_to_si.o)
 .data          0x00800065        0x8 e:/00 3 nti emedded systems/module 2. avr/avr tools/sdk_win_64/sdk_win_64/winavr/bin/../lib/gcc/avr/4.3.3/avr5\libgcc.a(_thenan_sf.o)
                0x00800065                __thenan_sf
 .data          0x0080006d        0x0 e:/00 3 nti emedded systems/module 2. avr/avr tools/sdk_win_64/sdk_win_64/winavr/bin/../lib/gcc/avr/4.3.3/avr5\libgcc.a(_prologue.o)
 .data          0x0080006d        0x0 e:/00 3 nti emedded systems/module 2. avr/avr tools/sdk_win_64/sdk_win_64/winavr/bin/../lib/gcc/avr/4.3.3/avr5\libgcc.a(_epilogue.o)
 .data          0x0080006d        0x0 e:/00 3 nti emedded systems/module 2. avr/avr tools/sdk_win_64/sdk_win_64/winavr/bin/../lib/gcc/avr/4.3.3/avr5\libgcc.a(_pack_sf.o)
 .data          0x0080006d        0x0 e:/00 3 nti emedded systems/module 2. avr/avr tools/sdk_win_64/sdk_win_64/winavr/bin/../lib/gcc/avr/4.3.3/avr5\libgcc.a(_unpack_sf.o)
 .data          0x0080006d        0x0 e:/00 3 nti emedded systems/module 2. avr/avr tools/sdk_win_64/sdk_win_64/winavr/bin/../lib/gcc/avr/4.3.3/avr5\libgcc.a(_fpcmp_parts_sf.o)
 .data          0x0080006d        0x0 e:/00 3 nti emedded systems/module 2. avr/avr tools/sdk_win_64/sdk_win_64/winavr/bin/../lib/gcc/avr/4.3.3/../../../../avr/lib/avr5\libc.a(memcpy.o)
 .data          0x0080006d        0x0 e:/00 3 nti emedded systems/module 2. avr/avr tools/sdk_win_64/sdk_win_64/winavr/bin/../lib/gcc/avr/4.3.3/../../../../avr/lib/avr5\libc.a(memset.o)
 .data          0x0080006d        0x0 e:/00 3 nti emedded systems/module 2. avr/avr tools/sdk_win_64/sdk_win_64/winavr/bin/../lib/gcc/avr/4.3.3/../../../../avr/lib/avr5\libc.a(strncpy.o)
 *(.data*)
 .data.xNextTaskUnblockTime
                0x0080006d        0x2 ./Free_RTOS/tasks.o
 .data.ARR_7_Seg_Display
                0x0080006f        0xa ./main.o
                0x0080006f                ARR_7_Seg_Display
 .data.ARR_7_Seg_Display_Point
                0x00800079        0xa ./main.o
                0x00800079                ARR_7_Seg_Display_Point
 .data.Direction.1715
                0x00800083        0x1 ./main.o
 .data.Water_Data.1736
                0x00800084        0x1 ./main.o
 .data.Temp_Data.1735
                0x00800085        0x1 ./main.o
 .data.Digital.1831
                0x00800086        0x2 ./main.o
 .data.LDRFlag.1856
                0x00800088        0x1 ./main.o
 .data.Analog_LDR.1855
                0x00800089        0x2 ./main.o
 .data.Analog_TEMP.1886
                0x0080008b        0x2 ./main.o
 *(.rodata)
 *(.rodata*)
 .rodata.KPD_u8SwitchVal
                0x0080008d       0x10 ./HAL/HKPD/HKPD_Program.o
                0x0080008d                KPD_u8SwitchVal
 *(.gnu.linkonce.d*)
                0x0080009e                . = ALIGN (0x2)
 *fill*         0x0080009d        0x1 00
                0x0080009e                _edata = .
                0x0080009e                PROVIDE (__data_end, .)

.bss            0x0080009e      0x73c
                0x0080009e                PROVIDE (__bss_start, .)
 *(.bss)
 .bss           0x0080009e        0x0 e:/00 3 nti emedded systems/module 2. avr/avr tools/sdk_win_64/sdk_win_64/winavr/bin/../lib/gcc/avr/4.3.3/../../../../avr/lib/avr5/crtm32.o
 .bss           0x0080009e        0x0 ./MCAL/Timer/TIMER0_Program.o
 .bss           0x0080009e        0x0 ./MCAL/MUSART/MUSART_Program.o
 .bss           0x0080009e        0x0 ./MCAL/MGIE/MGIE_Program.o
 .bss           0x0080009e        0x0 ./MCAL/MDIO/MDIO_Program.o
 .bss           0x0080009e        0x0 ./MCAL/MADC/MADC_Program.o
 .bss           0x0080009e        0x0 ./HAL/HMOTOR/HMOTOR_Program.o
 .bss           0x0080009e        0x0 ./HAL/HKPD/HKPD_Program.o
 .bss           0x0080009e        0x0 ./HAL/HCLCD/HCLCD_Program.o
 .bss           0x0080009e        0x0 ./Free_RTOS/croutine.o
 .bss           0x0080009e        0x0 ./Free_RTOS/heap_1.o
 .bss           0x0080009e        0x0 ./Free_RTOS/list.o
 .bss           0x0080009e        0x0 ./Free_RTOS/port.o
 .bss           0x0080009e        0x0 ./Free_RTOS/queue.o
 .bss           0x0080009e        0x0 ./Free_RTOS/tasks.o
 .bss           0x0080009e        0x0 ./Free_RTOS/timers.o
 .bss           0x0080009e        0x0 ./main.o
 .bss           0x0080009e        0x0 e:/00 3 nti emedded systems/module 2. avr/avr tools/sdk_win_64/sdk_win_64/winavr/bin/../lib/gcc/avr/4.3.3/avr5\libgcc.a(_mulsi3.o)
 .bss           0x0080009e        0x0 e:/00 3 nti emedded systems/module 2. avr/avr tools/sdk_win_64/sdk_win_64/winavr/bin/../lib/gcc/avr/4.3.3/avr5\libgcc.a(_udivmodhi4.o)
 .bss           0x0080009e        0x0 e:/00 3 nti emedded systems/module 2. avr/avr tools/sdk_win_64/sdk_win_64/winavr/bin/../lib/gcc/avr/4.3.3/avr5\libgcc.a(_udivmodsi4.o)
 .bss           0x0080009e        0x0 e:/00 3 nti emedded systems/module 2. avr/avr tools/sdk_win_64/sdk_win_64/winavr/bin/../lib/gcc/avr/4.3.3/avr5\libgcc.a(_exit.o)
 .bss           0x0080009e        0x0 e:/00 3 nti emedded systems/module 2. avr/avr tools/sdk_win_64/sdk_win_64/winavr/bin/../lib/gcc/avr/4.3.3/avr5\libgcc.a(_copy_data.o)
 .bss           0x0080009e        0x0 e:/00 3 nti emedded systems/module 2. avr/avr tools/sdk_win_64/sdk_win_64/winavr/bin/../lib/gcc/avr/4.3.3/avr5\libgcc.a(_clear_bss.o)
 .bss           0x0080009e        0x0 e:/00 3 nti emedded systems/module 2. avr/avr tools/sdk_win_64/sdk_win_64/winavr/bin/../lib/gcc/avr/4.3.3/avr5\libgcc.a(_fixunssfsi.o)
 .bss           0x0080009e        0x0 e:/00 3 nti emedded systems/module 2. avr/avr tools/sdk_win_64/sdk_win_64/winavr/bin/../lib/gcc/avr/4.3.3/avr5\libgcc.a(_addsub_sf.o)
 .bss           0x0080009e        0x0 e:/00 3 nti emedded systems/module 2. avr/avr tools/sdk_win_64/sdk_win_64/winavr/bin/../lib/gcc/avr/4.3.3/avr5\libgcc.a(_mul_sf.o)
 .bss           0x0080009e        0x0 e:/00 3 nti emedded systems/module 2. avr/avr tools/sdk_win_64/sdk_win_64/winavr/bin/../lib/gcc/avr/4.3.3/avr5\libgcc.a(_gt_sf.o)
 .bss           0x0080009e        0x0 e:/00 3 nti emedded systems/module 2. avr/avr tools/sdk_win_64/sdk_win_64/winavr/bin/../lib/gcc/avr/4.3.3/avr5\libgcc.a(_ge_sf.o)
 .bss           0x0080009e        0x0 e:/00 3 nti emedded systems/module 2. avr/avr tools/sdk_win_64/sdk_win_64/winavr/bin/../lib/gcc/avr/4.3.3/avr5\libgcc.a(_lt_sf.o)
 .bss           0x0080009e        0x0 e:/00 3 nti emedded systems/module 2. avr/avr tools/sdk_win_64/sdk_win_64/winavr/bin/../lib/gcc/avr/4.3.3/avr5\libgcc.a(_sf_to_si.o)
 .bss           0x0080009e        0x0 e:/00 3 nti emedded systems/module 2. avr/avr tools/sdk_win_64/sdk_win_64/winavr/bin/../lib/gcc/avr/4.3.3/avr5\libgcc.a(_thenan_sf.o)
 .bss           0x0080009e        0x0 e:/00 3 nti emedded systems/module 2. avr/avr tools/sdk_win_64/sdk_win_64/winavr/bin/../lib/gcc/avr/4.3.3/avr5\libgcc.a(_prologue.o)
 .bss           0x0080009e        0x0 e:/00 3 nti emedded systems/module 2. avr/avr tools/sdk_win_64/sdk_win_64/winavr/bin/../lib/gcc/avr/4.3.3/avr5\libgcc.a(_epilogue.o)
 .bss           0x0080009e        0x0 e:/00 3 nti emedded systems/module 2. avr/avr tools/sdk_win_64/sdk_win_64/winavr/bin/../lib/gcc/avr/4.3.3/avr5\libgcc.a(_pack_sf.o)
 .bss           0x0080009e        0x0 e:/00 3 nti emedded systems/module 2. avr/avr tools/sdk_win_64/sdk_win_64/winavr/bin/../lib/gcc/avr/4.3.3/avr5\libgcc.a(_unpack_sf.o)
 .bss           0x0080009e        0x0 e:/00 3 nti emedded systems/module 2. avr/avr tools/sdk_win_64/sdk_win_64/winavr/bin/../lib/gcc/avr/4.3.3/avr5\libgcc.a(_fpcmp_parts_sf.o)
 .bss           0x0080009e        0x0 e:/00 3 nti emedded systems/module 2. avr/avr tools/sdk_win_64/sdk_win_64/winavr/bin/../lib/gcc/avr/4.3.3/../../../../avr/lib/avr5\libc.a(memcpy.o)
 .bss           0x0080009e        0x0 e:/00 3 nti emedded systems/module 2. avr/avr tools/sdk_win_64/sdk_win_64/winavr/bin/../lib/gcc/avr/4.3.3/../../../../avr/lib/avr5\libc.a(memset.o)
 .bss           0x0080009e        0x0 e:/00 3 nti emedded systems/module 2. avr/avr tools/sdk_win_64/sdk_win_64/winavr/bin/../lib/gcc/avr/4.3.3/../../../../avr/lib/avr5\libc.a(strncpy.o)
 *(.bss*)
 .bss.pxCurrentCoRoutine
                0x0080009e        0x2 ./Free_RTOS/croutine.o
                0x0080009e                pxCurrentCoRoutine
 .bss.uxTopCoRoutineReadyPriority
                0x008000a0        0x1 ./Free_RTOS/croutine.o
 .bss.xCoRoutineTickCount
                0x008000a1        0x2 ./Free_RTOS/croutine.o
 .bss.xLastTickCount
                0x008000a3        0x2 ./Free_RTOS/croutine.o
 .bss.xPassedTicks
                0x008000a5        0x2 ./Free_RTOS/croutine.o
 .bss.pxReadyCoRoutineLists
                0x008000a7       0x12 ./Free_RTOS/croutine.o
 .bss.xDelayedCoRoutineList1
                0x008000b9        0x9 ./Free_RTOS/croutine.o
 .bss.xDelayedCoRoutineList2
                0x008000c2        0x9 ./Free_RTOS/croutine.o
 .bss.pxDelayedCoRoutineList
                0x008000cb        0x2 ./Free_RTOS/croutine.o
 .bss.pxOverflowDelayedCoRoutineList
                0x008000cd        0x2 ./Free_RTOS/croutine.o
 .bss.xPendingReadyCoRoutineList
                0x008000cf        0x9 ./Free_RTOS/croutine.o
 .bss.xNextFreeByte
                0x008000d8        0x2 ./Free_RTOS/heap_1.o
 .bss.xHeap     0x008000da      0x640 ./Free_RTOS/heap_1.o
 .bss.pxCurrentTCB
                0x0080071a        0x2 ./Free_RTOS/tasks.o
                0x0080071a                pxCurrentTCB
 .bss.uxTasksDeleted
                0x0080071c        0x1 ./Free_RTOS/tasks.o
 .bss.uxCurrentNumberOfTasks
                0x0080071d        0x1 ./Free_RTOS/tasks.o
 .bss.xTickCount
                0x0080071e        0x2 ./Free_RTOS/tasks.o
 .bss.uxTopUsedPriority
                0x00800720        0x1 ./Free_RTOS/tasks.o
 .bss.uxTopReadyPriority
                0x00800721        0x1 ./Free_RTOS/tasks.o
 .bss.xSchedulerRunning
                0x00800722        0x1 ./Free_RTOS/tasks.o
 .bss.uxSchedulerSuspended
                0x00800723        0x1 ./Free_RTOS/tasks.o
 .bss.uxMissedTicks
                0x00800724        0x1 ./Free_RTOS/tasks.o
 .bss.xMissedYield
                0x00800725        0x1 ./Free_RTOS/tasks.o
 .bss.xNumOfOverflows
                0x00800726        0x1 ./Free_RTOS/tasks.o
 .bss.uxTaskNumber
                0x00800727        0x1 ./Free_RTOS/tasks.o
 .bss.pxReadyTasksLists
                0x00800728       0x5a ./Free_RTOS/tasks.o
 .bss.xDelayedTaskList1
                0x00800782        0x9 ./Free_RTOS/tasks.o
 .bss.xDelayedTaskList2
                0x0080078b        0x9 ./Free_RTOS/tasks.o
 .bss.pxDelayedTaskList
                0x00800794        0x2 ./Free_RTOS/tasks.o
 .bss.pxOverflowDelayedTaskList
                0x00800796        0x2 ./Free_RTOS/tasks.o
 .bss.xPendingReadyList
                0x00800798        0x9 ./Free_RTOS/tasks.o
 .bss.xTasksWaitingTermination
                0x008007a1        0x9 ./Free_RTOS/tasks.o
 .bss.State     0x008007aa        0x1 ./main.o
                0x008007aa                State
 .bss.Servo_Counter
                0x008007ab        0x1 ./main.o
                0x008007ab                Servo_Counter
 .bss.Value.1683
                0x008007ac        0x1 ./main.o
 .bss.Motor_Start.1696
                0x008007ad        0x1 ./main.o
 .bss.DC_Counter.1695
                0x008007ae        0x1 ./main.o
 .bss.Counter.1716
                0x008007af        0x1 ./main.o
 .bss.Number.1796
                0x008007b0        0x2 ./main.o
 .bss.SSDFlag.1795
                0x008007b2        0x2 ./main.o
 .bss.Digital.1857
                0x008007b4        0x2 ./main.o
 .bss.Customer.1920
                0x008007b6        0x1 ./main.o
 .bss.Temp_1.1919
                0x008007b7        0x1 ./main.o
 .bss.LDR_1.1918
                0x008007b8        0x1 ./main.o
 .bss.Level.1917
                0x008007b9        0x1 ./main.o
 .bss.Motion.1916
                0x008007ba        0x1 ./main.o
 .bss.Direction.1959
                0x008007bb        0x1 ./main.o
 *(COMMON)
 COMMON         0x008007bc        0x2 ./MCAL/Timer/TIMER0_Program.o
                0x008007bc                TIMER0_CallBack
 COMMON         0x008007be        0x2 ./MCAL/MUSART/MUSART_Program.o
                0x008007be                MUSART_CallBack
 COMMON         0x008007c0        0x2 ./MCAL/MADC/MADC_Program.o
                0x008007c0                MADC_CallBack
 COMMON         0x008007c2       0x18 ./main.o
                0x008007c2                Water_Good_Buffer
                0x008007c4                Motion_Buffer
                0x008007c6                Water_Alarm_Buffer
                0x008007c8                Temp_Alarm_Buffer
                0x008007ca                ADCSem
                0x008007cc                Servo_Direction_Buffer
                0x008007ce                New_Customer_Buffer
                0x008007d0                Motor_Start_Buffer
                0x008007d2                DCBuffer
                0x008007d4                Motor_Buffer
                0x008007d6                Temp_Display_Buffer
                0x008007d8                Temp_Good_Buffer
                0x008007da                PROVIDE (__bss_end, .)
                0x00007492                __data_load_start = LOADADDR (.data)
                0x000074d0                __data_load_end = (__data_load_start + SIZEOF (.data))

.noinit         0x008007da        0x0
                0x008007da                PROVIDE (__noinit_start, .)
 *(.noinit*)
                0x008007da                PROVIDE (__noinit_end, .)
                0x008007da                _end = .
                0x008007da                PROVIDE (__heap_start, .)

.eeprom         0x00810000        0x0
 *(.eeprom*)
                0x00810000                __eeprom_end = .

.fuse
 *(.fuse)
 *(.lfuse)
 *(.hfuse)
 *(.efuse)

.lock
 *(.lock*)

.signature
 *(.signature*)

.stab           0x00000000     0x951c
 *(.stab)
 .stab          0x00000000      0x390 ./MCAL/Timer/TIMER0_Program.o
 .stab          0x00000390      0x4b0 ./MCAL/MUSART/MUSART_Program.o
                                0x4bc (size before relaxing)
 .stab          0x00000840      0x234 ./MCAL/MGIE/MGIE_Program.o
                                0x240 (size before relaxing)
 .stab          0x00000a74      0xd14 ./MCAL/MDIO/MDIO_Program.o
                                0xd20 (size before relaxing)
 .stab          0x00001788      0x3fc ./MCAL/MADC/MADC_Program.o
                                0x408 (size before relaxing)
 .stab          0x00001b84      0x2c4 ./HAL/HMOTOR/HMOTOR_Program.o
                                0x2d0 (size before relaxing)
 .stab          0x00001e48      0x4ec ./HAL/HKPD/HKPD_Program.o
                                0x4f8 (size before relaxing)
 .stab          0x00002334     0x1adc ./HAL/HCLCD/HCLCD_Program.o
                               0x1c74 (size before relaxing)
 .stab          0x00003e10      0x9b4 ./Free_RTOS/croutine.o
                                0xb40 (size before relaxing)
 .stab          0x000047c4      0x354 ./Free_RTOS/heap_1.o
                                0x624 (size before relaxing)
 .stab          0x00004b18      0x474 ./Free_RTOS/list.o
                                0x750 (size before relaxing)
 .stab          0x00004f8c      0x840 ./Free_RTOS/port.o
                                0xb70 (size before relaxing)
 .stab          0x000057cc     0x108c ./Free_RTOS/queue.o
                               0x13c8 (size before relaxing)
 .stab          0x00006858     0x1740 ./Free_RTOS/tasks.o
                               0x1998 (size before relaxing)
 .stab          0x00007f98      0x1c8 ./Free_RTOS/timers.o
                                0x4c8 (size before relaxing)
 .stab          0x00008160     0x13bc ./main.o
                               0x16f8 (size before relaxing)

.stabstr        0x00000000     0x41e5
 *(.stabstr)
 .stabstr       0x00000000     0x41e5 ./MCAL/Timer/TIMER0_Program.o

.stab.excl
 *(.stab.excl)

.stab.exclstr
 *(.stab.exclstr)

.stab.index
 *(.stab.index)

.stab.indexstr
 *(.stab.indexstr)

.comment
 *(.comment)

.debug
 *(.debug)

.line
 *(.line)

.debug_srcinfo
 *(.debug_srcinfo)

.debug_sfnames
 *(.debug_sfnames)

.debug_aranges  0x00000000      0x140
 *(.debug_aranges)
 .debug_aranges
                0x00000000       0x20 e:/00 3 nti emedded systems/module 2. avr/avr tools/sdk_win_64/sdk_win_64/winavr/bin/../lib/gcc/avr/4.3.3/avr5\libgcc.a(_fixunssfsi.o)
 .debug_aranges
                0x00000020       0x20 e:/00 3 nti emedded systems/module 2. avr/avr tools/sdk_win_64/sdk_win_64/winavr/bin/../lib/gcc/avr/4.3.3/avr5\libgcc.a(_addsub_sf.o)
 .debug_aranges
                0x00000040       0x20 e:/00 3 nti emedded systems/module 2. avr/avr tools/sdk_win_64/sdk_win_64/winavr/bin/../lib/gcc/avr/4.3.3/avr5\libgcc.a(_mul_sf.o)
 .debug_aranges
                0x00000060       0x20 e:/00 3 nti emedded systems/module 2. avr/avr tools/sdk_win_64/sdk_win_64/winavr/bin/../lib/gcc/avr/4.3.3/avr5\libgcc.a(_gt_sf.o)
 .debug_aranges
                0x00000080       0x20 e:/00 3 nti emedded systems/module 2. avr/avr tools/sdk_win_64/sdk_win_64/winavr/bin/../lib/gcc/avr/4.3.3/avr5\libgcc.a(_ge_sf.o)
 .debug_aranges
                0x000000a0       0x20 e:/00 3 nti emedded systems/module 2. avr/avr tools/sdk_win_64/sdk_win_64/winavr/bin/../lib/gcc/avr/4.3.3/avr5\libgcc.a(_lt_sf.o)
 .debug_aranges
                0x000000c0       0x20 e:/00 3 nti emedded systems/module 2. avr/avr tools/sdk_win_64/sdk_win_64/winavr/bin/../lib/gcc/avr/4.3.3/avr5\libgcc.a(_sf_to_si.o)
 .debug_aranges
                0x000000e0       0x20 e:/00 3 nti emedded systems/module 2. avr/avr tools/sdk_win_64/sdk_win_64/winavr/bin/../lib/gcc/avr/4.3.3/avr5\libgcc.a(_pack_sf.o)
 .debug_aranges
                0x00000100       0x20 e:/00 3 nti emedded systems/module 2. avr/avr tools/sdk_win_64/sdk_win_64/winavr/bin/../lib/gcc/avr/4.3.3/avr5\libgcc.a(_unpack_sf.o)
 .debug_aranges
                0x00000120       0x20 e:/00 3 nti emedded systems/module 2. avr/avr tools/sdk_win_64/sdk_win_64/winavr/bin/../lib/gcc/avr/4.3.3/avr5\libgcc.a(_fpcmp_parts_sf.o)

.debug_pubnames
                0x00000000      0x170
 *(.debug_pubnames)
 .debug_pubnames
                0x00000000       0x23 e:/00 3 nti emedded systems/module 2. avr/avr tools/sdk_win_64/sdk_win_64/winavr/bin/../lib/gcc/avr/4.3.3/avr5\libgcc.a(_fixunssfsi.o)
 .debug_pubnames
                0x00000023       0x2c e:/00 3 nti emedded systems/module 2. avr/avr tools/sdk_win_64/sdk_win_64/winavr/bin/../lib/gcc/avr/4.3.3/avr5\libgcc.a(_addsub_sf.o)
 .debug_pubnames
                0x0000004f       0x1f e:/00 3 nti emedded systems/module 2. avr/avr tools/sdk_win_64/sdk_win_64/winavr/bin/../lib/gcc/avr/4.3.3/avr5\libgcc.a(_mul_sf.o)
 .debug_pubnames
                0x0000006e       0x1e e:/00 3 nti emedded systems/module 2. avr/avr tools/sdk_win_64/sdk_win_64/winavr/bin/../lib/gcc/avr/4.3.3/avr5\libgcc.a(_gt_sf.o)
 .debug_pubnames
                0x0000008c       0x1e e:/00 3 nti emedded systems/module 2. avr/avr tools/sdk_win_64/sdk_win_64/winavr/bin/../lib/gcc/avr/4.3.3/avr5\libgcc.a(_ge_sf.o)
 .debug_pubnames
                0x000000aa       0x1e e:/00 3 nti emedded systems/module 2. avr/avr tools/sdk_win_64/sdk_win_64/winavr/bin/../lib/gcc/avr/4.3.3/avr5\libgcc.a(_lt_sf.o)
 .debug_pubnames
                0x000000c8       0x20 e:/00 3 nti emedded systems/module 2. avr/avr tools/sdk_win_64/sdk_win_64/winavr/bin/../lib/gcc/avr/4.3.3/avr5\libgcc.a(_sf_to_si.o)
 .debug_pubnames
                0x000000e8       0x22 e:/00 3 nti emedded systems/module 2. avr/avr tools/sdk_win_64/sdk_win_64/winavr/bin/../lib/gcc/avr/4.3.3/avr5\libgcc.a(_thenan_sf.o)
 .debug_pubnames
                0x0000010a       0x1f e:/00 3 nti emedded systems/module 2. avr/avr tools/sdk_win_64/sdk_win_64/winavr/bin/../lib/gcc/avr/4.3.3/avr5\libgcc.a(_pack_sf.o)
 .debug_pubnames
                0x00000129       0x21 e:/00 3 nti emedded systems/module 2. avr/avr tools/sdk_win_64/sdk_win_64/winavr/bin/../lib/gcc/avr/4.3.3/avr5\libgcc.a(_unpack_sf.o)
 .debug_pubnames
                0x0000014a       0x26 e:/00 3 nti emedded systems/module 2. avr/avr tools/sdk_win_64/sdk_win_64/winavr/bin/../lib/gcc/avr/4.3.3/avr5\libgcc.a(_fpcmp_parts_sf.o)

.debug_info     0x00000000     0x1c49
 *(.debug_info)
 .debug_info    0x00000000       0xb1 e:/00 3 nti emedded systems/module 2. avr/avr tools/sdk_win_64/sdk_win_64/winavr/bin/../lib/gcc/avr/4.3.3/avr5\libgcc.a(_fixunssfsi.o)
 .debug_info    0x000000b1      0x47a e:/00 3 nti emedded systems/module 2. avr/avr tools/sdk_win_64/sdk_win_64/winavr/bin/../lib/gcc/avr/4.3.3/avr5\libgcc.a(_addsub_sf.o)
 .debug_info    0x0000052b      0x485 e:/00 3 nti emedded systems/module 2. avr/avr tools/sdk_win_64/sdk_win_64/winavr/bin/../lib/gcc/avr/4.3.3/avr5\libgcc.a(_mul_sf.o)
 .debug_info    0x000009b0      0x27f e:/00 3 nti emedded systems/module 2. avr/avr tools/sdk_win_64/sdk_win_64/winavr/bin/../lib/gcc/avr/4.3.3/avr5\libgcc.a(_gt_sf.o)
 .debug_info    0x00000c2f      0x27f e:/00 3 nti emedded systems/module 2. avr/avr tools/sdk_win_64/sdk_win_64/winavr/bin/../lib/gcc/avr/4.3.3/avr5\libgcc.a(_ge_sf.o)
 .debug_info    0x00000eae      0x27f e:/00 3 nti emedded systems/module 2. avr/avr tools/sdk_win_64/sdk_win_64/winavr/bin/../lib/gcc/avr/4.3.3/avr5\libgcc.a(_lt_sf.o)
 .debug_info    0x0000112d      0x2b0 e:/00 3 nti emedded systems/module 2. avr/avr tools/sdk_win_64/sdk_win_64/winavr/bin/../lib/gcc/avr/4.3.3/avr5\libgcc.a(_sf_to_si.o)
 .debug_info    0x000013dd      0x12c e:/00 3 nti emedded systems/module 2. avr/avr tools/sdk_win_64/sdk_win_64/winavr/bin/../lib/gcc/avr/4.3.3/avr5\libgcc.a(_thenan_sf.o)
 .debug_info    0x00001509      0x2df e:/00 3 nti emedded systems/module 2. avr/avr tools/sdk_win_64/sdk_win_64/winavr/bin/../lib/gcc/avr/4.3.3/avr5\libgcc.a(_pack_sf.o)
 .debug_info    0x000017e8      0x251 e:/00 3 nti emedded systems/module 2. avr/avr tools/sdk_win_64/sdk_win_64/winavr/bin/../lib/gcc/avr/4.3.3/avr5\libgcc.a(_unpack_sf.o)
 .debug_info    0x00001a39      0x210 e:/00 3 nti emedded systems/module 2. avr/avr tools/sdk_win_64/sdk_win_64/winavr/bin/../lib/gcc/avr/4.3.3/avr5\libgcc.a(_fpcmp_parts_sf.o)
 *(.gnu.linkonce.wi.*)

.debug_abbrev   0x00000000      0xeeb
 *(.debug_abbrev)
 .debug_abbrev  0x00000000       0x5d e:/00 3 nti emedded systems/module 2. avr/avr tools/sdk_win_64/sdk_win_64/winavr/bin/../lib/gcc/avr/4.3.3/avr5\libgcc.a(_fixunssfsi.o)
 .debug_abbrev  0x0000005d      0x1ea e:/00 3 nti emedded systems/module 2. avr/avr tools/sdk_win_64/sdk_win_64/winavr/bin/../lib/gcc/avr/4.3.3/avr5\libgcc.a(_addsub_sf.o)
 .debug_abbrev  0x00000247      0x21b e:/00 3 nti emedded systems/module 2. avr/avr tools/sdk_win_64/sdk_win_64/winavr/bin/../lib/gcc/avr/4.3.3/avr5\libgcc.a(_mul_sf.o)
 .debug_abbrev  0x00000462      0x15a e:/00 3 nti emedded systems/module 2. avr/avr tools/sdk_win_64/sdk_win_64/winavr/bin/../lib/gcc/avr/4.3.3/avr5\libgcc.a(_gt_sf.o)
 .debug_abbrev  0x000005bc      0x15a e:/00 3 nti emedded systems/module 2. avr/avr tools/sdk_win_64/sdk_win_64/winavr/bin/../lib/gcc/avr/4.3.3/avr5\libgcc.a(_ge_sf.o)
 .debug_abbrev  0x00000716      0x15a e:/00 3 nti emedded systems/module 2. avr/avr tools/sdk_win_64/sdk_win_64/winavr/bin/../lib/gcc/avr/4.3.3/avr5\libgcc.a(_lt_sf.o)
 .debug_abbrev  0x00000870      0x17f e:/00 3 nti emedded systems/module 2. avr/avr tools/sdk_win_64/sdk_win_64/winavr/bin/../lib/gcc/avr/4.3.3/avr5\libgcc.a(_sf_to_si.o)
 .debug_abbrev  0x000009ef       0xad e:/00 3 nti emedded systems/module 2. avr/avr tools/sdk_win_64/sdk_win_64/winavr/bin/../lib/gcc/avr/4.3.3/avr5\libgcc.a(_thenan_sf.o)
 .debug_abbrev  0x00000a9c      0x1c0 e:/00 3 nti emedded systems/module 2. avr/avr tools/sdk_win_64/sdk_win_64/winavr/bin/../lib/gcc/avr/4.3.3/avr5\libgcc.a(_pack_sf.o)
 .debug_abbrev  0x00000c5c      0x154 e:/00 3 nti emedded systems/module 2. avr/avr tools/sdk_win_64/sdk_win_64/winavr/bin/../lib/gcc/avr/4.3.3/avr5\libgcc.a(_unpack_sf.o)
 .debug_abbrev  0x00000db0      0x13b e:/00 3 nti emedded systems/module 2. avr/avr tools/sdk_win_64/sdk_win_64/winavr/bin/../lib/gcc/avr/4.3.3/avr5\libgcc.a(_fpcmp_parts_sf.o)

.debug_line     0x00000000      0xdad
 *(.debug_line)
 .debug_line    0x00000000       0xa7 e:/00 3 nti emedded systems/module 2. avr/avr tools/sdk_win_64/sdk_win_64/winavr/bin/../lib/gcc/avr/4.3.3/avr5\libgcc.a(_fixunssfsi.o)
 .debug_line    0x000000a7      0x2af e:/00 3 nti emedded systems/module 2. avr/avr tools/sdk_win_64/sdk_win_64/winavr/bin/../lib/gcc/avr/4.3.3/avr5\libgcc.a(_addsub_sf.o)
 .debug_line    0x00000356      0x239 e:/00 3 nti emedded systems/module 2. avr/avr tools/sdk_win_64/sdk_win_64/winavr/bin/../lib/gcc/avr/4.3.3/avr5\libgcc.a(_mul_sf.o)
 .debug_line    0x0000058f       0xd3 e:/00 3 nti emedded systems/module 2. avr/avr tools/sdk_win_64/sdk_win_64/winavr/bin/../lib/gcc/avr/4.3.3/avr5\libgcc.a(_gt_sf.o)
 .debug_line    0x00000662       0xd3 e:/00 3 nti emedded systems/module 2. avr/avr tools/sdk_win_64/sdk_win_64/winavr/bin/../lib/gcc/avr/4.3.3/avr5\libgcc.a(_ge_sf.o)
 .debug_line    0x00000735       0xd3 e:/00 3 nti emedded systems/module 2. avr/avr tools/sdk_win_64/sdk_win_64/winavr/bin/../lib/gcc/avr/4.3.3/avr5\libgcc.a(_lt_sf.o)
 .debug_line    0x00000808      0x109 e:/00 3 nti emedded systems/module 2. avr/avr tools/sdk_win_64/sdk_win_64/winavr/bin/../lib/gcc/avr/4.3.3/avr5\libgcc.a(_sf_to_si.o)
 .debug_line    0x00000911       0x90 e:/00 3 nti emedded systems/module 2. avr/avr tools/sdk_win_64/sdk_win_64/winavr/bin/../lib/gcc/avr/4.3.3/avr5\libgcc.a(_thenan_sf.o)
 .debug_line    0x000009a1      0x18a e:/00 3 nti emedded systems/module 2. avr/avr tools/sdk_win_64/sdk_win_64/winavr/bin/../lib/gcc/avr/4.3.3/avr5\libgcc.a(_pack_sf.o)
 .debug_line    0x00000b2b      0x14b e:/00 3 nti emedded systems/module 2. avr/avr tools/sdk_win_64/sdk_win_64/winavr/bin/../lib/gcc/avr/4.3.3/avr5\libgcc.a(_unpack_sf.o)
 .debug_line    0x00000c76      0x137 e:/00 3 nti emedded systems/module 2. avr/avr tools/sdk_win_64/sdk_win_64/winavr/bin/../lib/gcc/avr/4.3.3/avr5\libgcc.a(_fpcmp_parts_sf.o)

.debug_frame    0x00000000      0x160
 *(.debug_frame)
 .debug_frame   0x00000000       0x20 e:/00 3 nti emedded systems/module 2. avr/avr tools/sdk_win_64/sdk_win_64/winavr/bin/../lib/gcc/avr/4.3.3/avr5\libgcc.a(_fixunssfsi.o)
 .debug_frame   0x00000020       0x40 e:/00 3 nti emedded systems/module 2. avr/avr tools/sdk_win_64/sdk_win_64/winavr/bin/../lib/gcc/avr/4.3.3/avr5\libgcc.a(_addsub_sf.o)
 .debug_frame   0x00000060       0x20 e:/00 3 nti emedded systems/module 2. avr/avr tools/sdk_win_64/sdk_win_64/winavr/bin/../lib/gcc/avr/4.3.3/avr5\libgcc.a(_mul_sf.o)
 .debug_frame   0x00000080       0x20 e:/00 3 nti emedded systems/module 2. avr/avr tools/sdk_win_64/sdk_win_64/winavr/bin/../lib/gcc/avr/4.3.3/avr5\libgcc.a(_gt_sf.o)
 .debug_frame   0x000000a0       0x20 e:/00 3 nti emedded systems/module 2. avr/avr tools/sdk_win_64/sdk_win_64/winavr/bin/../lib/gcc/avr/4.3.3/avr5\libgcc.a(_ge_sf.o)
 .debug_frame   0x000000c0       0x20 e:/00 3 nti emedded systems/module 2. avr/avr tools/sdk_win_64/sdk_win_64/winavr/bin/../lib/gcc/avr/4.3.3/avr5\libgcc.a(_lt_sf.o)
 .debug_frame   0x000000e0       0x20 e:/00 3 nti emedded systems/module 2. avr/avr tools/sdk_win_64/sdk_win_64/winavr/bin/../lib/gcc/avr/4.3.3/avr5\libgcc.a(_sf_to_si.o)
 .debug_frame   0x00000100       0x20 e:/00 3 nti emedded systems/module 2. avr/avr tools/sdk_win_64/sdk_win_64/winavr/bin/../lib/gcc/avr/4.3.3/avr5\libgcc.a(_pack_sf.o)
 .debug_frame   0x00000120       0x20 e:/00 3 nti emedded systems/module 2. avr/avr tools/sdk_win_64/sdk_win_64/winavr/bin/../lib/gcc/avr/4.3.3/avr5\libgcc.a(_unpack_sf.o)
 .debug_frame   0x00000140       0x20 e:/00 3 nti emedded systems/module 2. avr/avr tools/sdk_win_64/sdk_win_64/winavr/bin/../lib/gcc/avr/4.3.3/avr5\libgcc.a(_fpcmp_parts_sf.o)

.debug_str      0x00000000      0x28d
 *(.debug_str)
 .debug_str     0x00000000       0xbf e:/00 3 nti emedded systems/module 2. avr/avr tools/sdk_win_64/sdk_win_64/winavr/bin/../lib/gcc/avr/4.3.3/avr5\libgcc.a(_fixunssfsi.o)
                                 0xfe (size before relaxing)
 .debug_str     0x000000bf      0x14d e:/00 3 nti emedded systems/module 2. avr/avr tools/sdk_win_64/sdk_win_64/winavr/bin/../lib/gcc/avr/4.3.3/avr5\libgcc.a(_addsub_sf.o)
                                0x206 (size before relaxing)
 .debug_str     0x0000020c       0x27 e:/00 3 nti emedded systems/module 2. avr/avr tools/sdk_win_64/sdk_win_64/winavr/bin/../lib/gcc/avr/4.3.3/avr5\libgcc.a(_mul_sf.o)
                                0x1bf (size before relaxing)
 .debug_str     0x00000233        0xf e:/00 3 nti emedded systems/module 2. avr/avr tools/sdk_win_64/sdk_win_64/winavr/bin/../lib/gcc/avr/4.3.3/avr5\libgcc.a(_gt_sf.o)
                                0x195 (size before relaxing)
 .debug_str     0x00000242        0x8 e:/00 3 nti emedded systems/module 2. avr/avr tools/sdk_win_64/sdk_win_64/winavr/bin/../lib/gcc/avr/4.3.3/avr5\libgcc.a(_ge_sf.o)
                                0x195 (size before relaxing)
 .debug_str     0x0000024a        0x8 e:/00 3 nti emedded systems/module 2. avr/avr tools/sdk_win_64/sdk_win_64/winavr/bin/../lib/gcc/avr/4.3.3/avr5\libgcc.a(_lt_sf.o)
                                0x195 (size before relaxing)
 .debug_str     0x00000252        0xa e:/00 3 nti emedded systems/module 2. avr/avr tools/sdk_win_64/sdk_win_64/winavr/bin/../lib/gcc/avr/4.3.3/avr5\libgcc.a(_sf_to_si.o)
                                0x19e (size before relaxing)
 .debug_str     0x00000000      0x103 e:/00 3 nti emedded systems/module 2. avr/avr tools/sdk_win_64/sdk_win_64/winavr/bin/../lib/gcc/avr/4.3.3/avr5\libgcc.a(_thenan_sf.o)
 .debug_str     0x0000025c       0x16 e:/00 3 nti emedded systems/module 2. avr/avr tools/sdk_win_64/sdk_win_64/winavr/bin/../lib/gcc/avr/4.3.3/avr5\libgcc.a(_pack_sf.o)
                                0x19d (size before relaxing)
 .debug_str     0x00000272        0xb e:/00 3 nti emedded systems/module 2. avr/avr tools/sdk_win_64/sdk_win_64/winavr/bin/../lib/gcc/avr/4.3.3/avr5\libgcc.a(_unpack_sf.o)
                                0x17f (size before relaxing)
 .debug_str     0x0000027d       0x10 e:/00 3 nti emedded systems/module 2. avr/avr tools/sdk_win_64/sdk_win_64/winavr/bin/../lib/gcc/avr/4.3.3/avr5\libgcc.a(_fpcmp_parts_sf.o)
                                0x163 (size before relaxing)

.debug_loc      0x00000000      0x7ce
 *(.debug_loc)
 .debug_loc     0x00000000       0x34 e:/00 3 nti emedded systems/module 2. avr/avr tools/sdk_win_64/sdk_win_64/winavr/bin/../lib/gcc/avr/4.3.3/avr5\libgcc.a(_fixunssfsi.o)
 .debug_loc     0x00000034      0x32a e:/00 3 nti emedded systems/module 2. avr/avr tools/sdk_win_64/sdk_win_64/winavr/bin/../lib/gcc/avr/4.3.3/avr5\libgcc.a(_addsub_sf.o)
 .debug_loc     0x0000035e      0x104 e:/00 3 nti emedded systems/module 2. avr/avr tools/sdk_win_64/sdk_win_64/winavr/bin/../lib/gcc/avr/4.3.3/avr5\libgcc.a(_mul_sf.o)
 .debug_loc     0x00000462       0x3c e:/00 3 nti emedded systems/module 2. avr/avr tools/sdk_win_64/sdk_win_64/winavr/bin/../lib/gcc/avr/4.3.3/avr5\libgcc.a(_gt_sf.o)
 .debug_loc     0x0000049e       0x3c e:/00 3 nti emedded systems/module 2. avr/avr tools/sdk_win_64/sdk_win_64/winavr/bin/../lib/gcc/avr/4.3.3/avr5\libgcc.a(_ge_sf.o)
 .debug_loc     0x000004da       0x3c e:/00 3 nti emedded systems/module 2. avr/avr tools/sdk_win_64/sdk_win_64/winavr/bin/../lib/gcc/avr/4.3.3/avr5\libgcc.a(_lt_sf.o)
 .debug_loc     0x00000516       0x7e e:/00 3 nti emedded systems/module 2. avr/avr tools/sdk_win_64/sdk_win_64/winavr/bin/../lib/gcc/avr/4.3.3/avr5\libgcc.a(_sf_to_si.o)
 .debug_loc     0x00000594      0x13e e:/00 3 nti emedded systems/module 2. avr/avr tools/sdk_win_64/sdk_win_64/winavr/bin/../lib/gcc/avr/4.3.3/avr5\libgcc.a(_pack_sf.o)
 .debug_loc     0x000006d2       0xac e:/00 3 nti emedded systems/module 2. avr/avr tools/sdk_win_64/sdk_win_64/winavr/bin/../lib/gcc/avr/4.3.3/avr5\libgcc.a(_unpack_sf.o)
 .debug_loc     0x0000077e       0x50 e:/00 3 nti emedded systems/module 2. avr/avr tools/sdk_win_64/sdk_win_64/winavr/bin/../lib/gcc/avr/4.3.3/avr5\libgcc.a(_fpcmp_parts_sf.o)

.debug_macinfo
 *(.debug_macinfo)
OUTPUT(Sterilization_Gate_Project.elf elf32-avr)
LOAD linker stubs

.debug_ranges   0x00000000       0x50
 .debug_ranges  0x00000000       0x50 e:/00 3 nti emedded systems/module 2. avr/avr tools/sdk_win_64/sdk_win_64/winavr/bin/../lib/gcc/avr/4.3.3/avr5\libgcc.a(_mul_sf.o)
