Archive member included because of file (symbol)

e:/00 3 nti emedded systems/module 2. avr/avr tools/sdk_win_64/sdk_win_64/winavr/bin/../lib/gcc/avr/4.3.3/avr5\libgcc.a(_mulsi3.o)
                              ./main.o (__mulsi3)
e:/00 3 nti emedded systems/module 2. avr/avr tools/sdk_win_64/sdk_win_64/winavr/bin/../lib/gcc/avr/4.3.3/avr5\libgcc.a(_udivmodhi4.o)
                              ./main.o (__udivmodhi4)
e:/00 3 nti emedded systems/module 2. avr/avr tools/sdk_win_64/sdk_win_64/winavr/bin/../lib/gcc/avr/4.3.3/avr5\libgcc.a(_udivmodsi4.o)
                              ./HAL/HCLCD/HCLCD_Program.o (__udivmodsi4)
e:/00 3 nti emedded systems/module 2. avr/avr tools/sdk_win_64/sdk_win_64/winavr/bin/../lib/gcc/avr/4.3.3/avr5\libgcc.a(_exit.o)
                              e:/00 3 nti emedded systems/module 2. avr/avr tools/sdk_win_64/sdk_win_64/winavr/bin/../lib/gcc/avr/4.3.3/../../../../avr/lib/avr5/crtm32.o (exit)
e:/00 3 nti emedded systems/module 2. avr/avr tools/sdk_win_64/sdk_win_64/winavr/bin/../lib/gcc/avr/4.3.3/avr5\libgcc.a(_copy_data.o)
                              ./HAL/HKPD/HKPD_Program.o (__do_copy_data)
e:/00 3 nti emedded systems/module 2. avr/avr tools/sdk_win_64/sdk_win_64/winavr/bin/../lib/gcc/avr/4.3.3/avr5\libgcc.a(_clear_bss.o)
                              ./MCAL/Timer/TIMER0_Program.o (__do_clear_bss)
e:/00 3 nti emedded systems/module 2. avr/avr tools/sdk_win_64/sdk_win_64/winavr/bin/../lib/gcc/avr/4.3.3/../../../../avr/lib/avr5\libc.a(memcpy.o)
                              ./Free_RTOS/queue.o (memcpy)
e:/00 3 nti emedded systems/module 2. avr/avr tools/sdk_win_64/sdk_win_64/winavr/bin/../lib/gcc/avr/4.3.3/../../../../avr/lib/avr5\libc.a(memset.o)
                              ./Free_RTOS/tasks.o (memset)
e:/00 3 nti emedded systems/module 2. avr/avr tools/sdk_win_64/sdk_win_64/winavr/bin/../lib/gcc/avr/4.3.3/../../../../avr/lib/avr5\libc.a(strncpy.o)
                              ./Free_RTOS/tasks.o (strncpy)

Allocating common symbols
Common symbol       size              file

Water_Good_Buffer   0x2               ./main.o
TIMER0_CallBack     0x2               ./MCAL/Timer/TIMER0_Program.o
Motion_Buffer       0x2               ./main.o
Water_Alarm_Buffer  0x2               ./main.o
Temp_Alarm_Buffer   0x2               ./main.o
ADCSem              0x2               ./main.o
Servo_Direction_Buffer
                    0x2               ./main.o
New_Customer_Buffer
                    0x2               ./main.o
MADC_CallBack       0x2               ./MCAL/MADC/MADC_Program.o
Motor_Start_Buffer  0x2               ./main.o
DCBuffer            0x2               ./main.o
Motor_Buffer        0x2               ./main.o
MUSART_CallBack     0x2               ./MCAL/MUSART/MUSART_Program.o
Temp_Display_Buffer
                    0x2               ./main.o
Temp_Good_Buffer    0x2               ./main.o

Memory Configuration

Name             Origin             Length             Attributes
text             0x00000000         0x00020000         xr
data             0x00800060         0x0000ffa0         rw !x
eeprom           0x00810000         0x00010000         rw !x
fuse             0x00820000         0x00000400         rw !x
lock             0x00830000         0x00000400         rw !x
signature        0x00840000         0x00000400         rw !x
*default*        0x00000000         0xffffffff

Linker script and memory map

LOAD e:/00 3 nti emedded systems/module 2. avr/avr tools/sdk_win_64/sdk_win_64/winavr/bin/../lib/gcc/avr/4.3.3/../../../../avr/lib/avr5/crtm32.o
LOAD ./MCAL/Timer/TIMER0_Program.o
LOAD ./MCAL/MUSART/MUSART_Program.o
LOAD ./MCAL/MGIE/MGIE_Program.o
LOAD ./MCAL/MDIO/MDIO_Program.o
LOAD ./MCAL/MADC/MADC_Program.o
LOAD ./HAL/HMOTOR/HMOTOR_Program.o
LOAD ./HAL/HKPD/HKPD_Program.o
LOAD ./HAL/HCLCD/HCLCD_Program.o
LOAD ./Free_RTOS/croutine.o
LOAD ./Free_RTOS/heap_1.o
LOAD ./Free_RTOS/list.o
LOAD ./Free_RTOS/port.o
LOAD ./Free_RTOS/queue.o
LOAD ./Free_RTOS/tasks.o
LOAD ./Free_RTOS/timers.o
LOAD ./main.o
LOAD e:/00 3 nti emedded systems/module 2. avr/avr tools/sdk_win_64/sdk_win_64/winavr/bin/../lib/gcc/avr/4.3.3/avr5\libgcc.a
LOAD e:/00 3 nti emedded systems/module 2. avr/avr tools/sdk_win_64/sdk_win_64/winavr/bin/../lib/gcc/avr/4.3.3/../../../../avr/lib/avr5\libc.a
LOAD e:/00 3 nti emedded systems/module 2. avr/avr tools/sdk_win_64/sdk_win_64/winavr/bin/../lib/gcc/avr/4.3.3/avr5\libgcc.a

.hash
 *(.hash)

.dynsym
 *(.dynsym)

.dynstr
 *(.dynstr)

.gnu.version
 *(.gnu.version)

.gnu.version_d
 *(.gnu.version_d)

.gnu.version_r
 *(.gnu.version_r)

.rel.init
 *(.rel.init)

.rela.init
 *(.rela.init)

.rel.text
 *(.rel.text)
 *(.rel.text.*)
 *(.rel.gnu.linkonce.t*)

.rela.text
 *(.rela.text)
 *(.rela.text.*)
 *(.rela.gnu.linkonce.t*)

.rel.fini
 *(.rel.fini)

.rela.fini
 *(.rela.fini)

.rel.rodata
 *(.rel.rodata)
 *(.rel.rodata.*)
 *(.rel.gnu.linkonce.r*)

.rela.rodata
 *(.rela.rodata)
 *(.rela.rodata.*)
 *(.rela.gnu.linkonce.r*)

.rel.data
 *(.rel.data)
 *(.rel.data.*)
 *(.rel.gnu.linkonce.d*)

.rela.data
 *(.rela.data)
 *(.rela.data.*)
 *(.rela.gnu.linkonce.d*)

.rel.ctors
 *(.rel.ctors)

.rela.ctors
 *(.rela.ctors)

.rel.dtors
 *(.rel.dtors)

.rela.dtors
 *(.rela.dtors)

.rel.got
 *(.rel.got)

.rela.got
 *(.rela.got)

.rel.bss
 *(.rel.bss)

.rela.bss
 *(.rela.bss)

.rel.plt
 *(.rel.plt)

.rela.plt
 *(.rela.plt)

.text           0x00000000     0x3098
 *(.vectors)
 .vectors       0x00000000       0x54 e:/00 3 nti emedded systems/module 2. avr/avr tools/sdk_win_64/sdk_win_64/winavr/bin/../lib/gcc/avr/4.3.3/../../../../avr/lib/avr5/crtm32.o
                0x00000000                __vectors
                0x00000000                __vector_default
 *(.vectors)
 *(.progmem.gcc*)
 *(.progmem*)
                0x00000054                . = ALIGN (0x2)
                0x00000054                __trampolines_start = .
 *(.trampolines)
 .trampolines   0x00000054        0x0 linker stubs
 *(.trampolines*)
                0x00000054                __trampolines_end = .
 *(.jumptables)
 *(.jumptables*)
 *(.lowtext)
 *(.lowtext*)
                0x00000054                __ctors_start = .
 *(.ctors)
                0x00000054                __ctors_end = .
                0x00000054                __dtors_start = .
 *(.dtors)
                0x00000054                __dtors_end = .
 SORT(*)(.ctors)
 SORT(*)(.dtors)
 *(.init0)
 .init0         0x00000054        0x0 e:/00 3 nti emedded systems/module 2. avr/avr tools/sdk_win_64/sdk_win_64/winavr/bin/../lib/gcc/avr/4.3.3/../../../../avr/lib/avr5/crtm32.o
                0x00000054                __init
 *(.init0)
 *(.init1)
 *(.init1)
 *(.init2)
 .init2         0x00000054        0xc e:/00 3 nti emedded systems/module 2. avr/avr tools/sdk_win_64/sdk_win_64/winavr/bin/../lib/gcc/avr/4.3.3/../../../../avr/lib/avr5/crtm32.o
 *(.init2)
 *(.init3)
 *(.init3)
 *(.init4)
 .init4         0x00000060       0x16 e:/00 3 nti emedded systems/module 2. avr/avr tools/sdk_win_64/sdk_win_64/winavr/bin/../lib/gcc/avr/4.3.3/avr5\libgcc.a(_copy_data.o)
                0x00000060                __do_copy_data
 .init4         0x00000076       0x10 e:/00 3 nti emedded systems/module 2. avr/avr tools/sdk_win_64/sdk_win_64/winavr/bin/../lib/gcc/avr/4.3.3/avr5\libgcc.a(_clear_bss.o)
                0x00000076                __do_clear_bss
 *(.init4)
 *(.init5)
 *(.init5)
 *(.init6)
 *(.init6)
 *(.init7)
 *(.init7)
 *(.init8)
 *(.init8)
 *(.init9)
 .init9         0x00000086        0x8 e:/00 3 nti emedded systems/module 2. avr/avr tools/sdk_win_64/sdk_win_64/winavr/bin/../lib/gcc/avr/4.3.3/../../../../avr/lib/avr5/crtm32.o
 *(.init9)
 *(.text)
 .text          0x0000008e        0x4 e:/00 3 nti emedded systems/module 2. avr/avr tools/sdk_win_64/sdk_win_64/winavr/bin/../lib/gcc/avr/4.3.3/../../../../avr/lib/avr5/crtm32.o
                0x0000008e                __vector_1
                0x0000008e                __vector_12
                0x0000008e                __bad_interrupt
                0x0000008e                __vector_6
                0x0000008e                __vector_3
                0x0000008e                __vector_17
                0x0000008e                __vector_19
                0x0000008e                __vector_5
                0x0000008e                __vector_4
                0x0000008e                __vector_9
                0x0000008e                __vector_2
                0x0000008e                __vector_15
                0x0000008e                __vector_8
                0x0000008e                __vector_14
                0x0000008e                __vector_18
                0x0000008e                __vector_20
 .text          0x00000092        0x0 ./MCAL/Timer/TIMER0_Program.o
 .text          0x00000092        0x0 ./MCAL/MUSART/MUSART_Program.o
 .text          0x00000092        0x0 ./MCAL/MGIE/MGIE_Program.o
 .text          0x00000092        0x0 ./MCAL/MDIO/MDIO_Program.o
 .text          0x00000092        0x0 ./MCAL/MADC/MADC_Program.o
 .text          0x00000092        0x0 ./HAL/HMOTOR/HMOTOR_Program.o
 .text          0x00000092        0x0 ./HAL/HKPD/HKPD_Program.o
 .text          0x00000092        0x0 ./HAL/HCLCD/HCLCD_Program.o
 .text          0x00000092        0x0 ./Free_RTOS/croutine.o
 .text          0x00000092        0x0 ./Free_RTOS/heap_1.o
 .text          0x00000092        0x0 ./Free_RTOS/list.o
 .text          0x00000092        0x0 ./Free_RTOS/port.o
 .text          0x00000092        0x0 ./Free_RTOS/queue.o
 .text          0x00000092        0x0 ./Free_RTOS/tasks.o
 .text          0x00000092        0x0 ./Free_RTOS/timers.o
 .text          0x00000092        0x0 ./main.o
 .text          0x00000092        0x0 e:/00 3 nti emedded systems/module 2. avr/avr tools/sdk_win_64/sdk_win_64/winavr/bin/../lib/gcc/avr/4.3.3/avr5\libgcc.a(_mulsi3.o)
 .text          0x00000092        0x0 e:/00 3 nti emedded systems/module 2. avr/avr tools/sdk_win_64/sdk_win_64/winavr/bin/../lib/gcc/avr/4.3.3/avr5\libgcc.a(_udivmodhi4.o)
 .text          0x00000092        0x0 e:/00 3 nti emedded systems/module 2. avr/avr tools/sdk_win_64/sdk_win_64/winavr/bin/../lib/gcc/avr/4.3.3/avr5\libgcc.a(_udivmodsi4.o)
 .text          0x00000092        0x0 e:/00 3 nti emedded systems/module 2. avr/avr tools/sdk_win_64/sdk_win_64/winavr/bin/../lib/gcc/avr/4.3.3/avr5\libgcc.a(_exit.o)
 .text          0x00000092        0x0 e:/00 3 nti emedded systems/module 2. avr/avr tools/sdk_win_64/sdk_win_64/winavr/bin/../lib/gcc/avr/4.3.3/avr5\libgcc.a(_copy_data.o)
 .text          0x00000092        0x0 e:/00 3 nti emedded systems/module 2. avr/avr tools/sdk_win_64/sdk_win_64/winavr/bin/../lib/gcc/avr/4.3.3/avr5\libgcc.a(_clear_bss.o)
 .text          0x00000092        0x0 e:/00 3 nti emedded systems/module 2. avr/avr tools/sdk_win_64/sdk_win_64/winavr/bin/../lib/gcc/avr/4.3.3/../../../../avr/lib/avr5\libc.a(memcpy.o)
 .text          0x00000092        0x0 e:/00 3 nti emedded systems/module 2. avr/avr tools/sdk_win_64/sdk_win_64/winavr/bin/../lib/gcc/avr/4.3.3/../../../../avr/lib/avr5\libc.a(memset.o)
 .text          0x00000092        0x0 e:/00 3 nti emedded systems/module 2. avr/avr tools/sdk_win_64/sdk_win_64/winavr/bin/../lib/gcc/avr/4.3.3/../../../../avr/lib/avr5\libc.a(strncpy.o)
                0x00000092                . = ALIGN (0x2)
 *(.text.*)
 .text.TIMER0_VidInit
                0x00000092       0x32 ./MCAL/Timer/TIMER0_Program.o
                0x00000092                TIMER0_VidInit
 .text.TIMER0_VidSetPreload
                0x000000c4        0x4 ./MCAL/Timer/TIMER0_Program.o
                0x000000c4                TIMER0_VidSetPreload
 .text.TIMER0_VidSetCTCValue
                0x000000c8        0x4 ./MCAL/Timer/TIMER0_Program.o
                0x000000c8                TIMER0_VidSetCTCValue
 .text.TIMER0_VidCTC_SetCallBack
                0x000000cc        0xa ./MCAL/Timer/TIMER0_Program.o
                0x000000cc                TIMER0_VidCTC_SetCallBack
 .text.TIMER0_VidOverFlow_SetCallBack
                0x000000d6        0xa ./MCAL/Timer/TIMER0_Program.o
                0x000000d6                TIMER0_VidOverFlow_SetCallBack
 .text.__vector_10
                0x000000e0       0x4e ./MCAL/Timer/TIMER0_Program.o
                0x000000e0                __vector_10
 .text.__vector_11
                0x0000012e       0x4e ./MCAL/Timer/TIMER0_Program.o
                0x0000012e                __vector_11
 .text.MUSART_VidInit
                0x0000017c       0x10 ./MCAL/MUSART/MUSART_Program.o
                0x0000017c                MUSART_VidInit
 .text.MUSART_VidSendChar
                0x0000018c        0x8 ./MCAL/MUSART/MUSART_Program.o
                0x0000018c                MUSART_VidSendChar
 .text.MUSART_u8ReceiveData
                0x00000194        0x4 ./MCAL/MUSART/MUSART_Program.o
                0x00000194                MUSART_u8ReceiveData
 .text.MUSART_VidSendString
                0x00000198       0x1a ./MCAL/MUSART/MUSART_Program.o
                0x00000198                MUSART_VidSendString
 .text.MUSART_VidReceiveString
                0x000001b2       0x18 ./MCAL/MUSART/MUSART_Program.o
                0x000001b2                MUSART_VidReceiveString
 .text.MUSART_VidUSART_Receive_Interrupt_Enable
                0x000001ca        0x4 ./MCAL/MUSART/MUSART_Program.o
                0x000001ca                MUSART_VidUSART_Receive_Interrupt_Enable
 .text.MUSART_VidSetCallBack
                0x000001ce        0xa ./MCAL/MUSART/MUSART_Program.o
                0x000001ce                MUSART_VidSetCallBack
 .text.__vector_13
                0x000001d8       0x4e ./MCAL/MUSART/MUSART_Program.o
                0x000001d8                __vector_13
 .text.MGIE_VidEnable
                0x00000226        0x8 ./MCAL/MGIE/MGIE_Program.o
                0x00000226                MGIE_VidEnable
 .text.MGIE_VidDisable
                0x0000022e        0x8 ./MCAL/MGIE/MGIE_Program.o
                0x0000022e                MGIE_VidDisable
 .text.MDIO_Error_State_SetPinDirection
                0x00000236      0x100 ./MCAL/MDIO/MDIO_Program.o
                0x00000236                MDIO_Error_State_SetPinDirection
 .text.MDIO_Error_State_SetPortDirection
                0x00000336       0x32 ./MCAL/MDIO/MDIO_Program.o
                0x00000336                MDIO_Error_State_SetPortDirection
 .text.MDIO_Error_State_SetPinValue
                0x00000368      0x100 ./MCAL/MDIO/MDIO_Program.o
                0x00000368                MDIO_Error_State_SetPinValue
 .text.MDIO_Error_State_SetPortValue
                0x00000468       0x28 ./MCAL/MDIO/MDIO_Program.o
                0x00000468                MDIO_Error_State_SetPortValue
 .text.MDIO_Error_State_GetPinValue
                0x00000490       0x40 ./MCAL/MDIO/MDIO_Program.o
                0x00000490                MDIO_Error_State_GetPinValue
 .text.MDIO_Error_State_TogglePinValue
                0x000004d0       0x60 ./MCAL/MDIO/MDIO_Program.o
                0x000004d0                MDIO_Error_State_TogglePinValue
 .text.MDIO_Vid_PullUpResistor
                0x00000530       0x1e ./MCAL/MDIO/MDIO_Program.o
                0x00000530                MDIO_Vid_PullUpResistor
 .text.MDIO_Error_State_SetNibbleDirection
                0x0000054e       0x78 ./MCAL/MDIO/MDIO_Program.o
                0x0000054e                MDIO_Error_State_SetNibbleDirection
 .text.MDIO_Error_State_SetMostSignificantNibbleValues
                0x000005c6       0x42 ./MCAL/MDIO/MDIO_Program.o
                0x000005c6                MDIO_Error_State_SetMostSignificantNibbleValues
 .text.MDIO_Error_State_SetLeastSignificantNibbleValues
                0x00000608       0x42 ./MCAL/MDIO/MDIO_Program.o
                0x00000608                MDIO_Error_State_SetLeastSignificantNibbleValues
 .text.MDIO_Error_State_SetNibbleValue
                0x0000064a       0x98 ./MCAL/MDIO/MDIO_Program.o
                0x0000064a                MDIO_Error_State_SetNibbleValue
 .text.MADC_VidInit
                0x000006e2       0x2c ./MCAL/MADC/MADC_Program.o
                0x000006e2                MADC_VidInit
 .text.MADC_u16ADCStartConversion
                0x0000070e       0x1c ./MCAL/MADC/MADC_Program.o
                0x0000070e                MADC_u16ADCStartConversion
 .text.MADC_u16ADCStartConversion_ISR
                0x0000072a       0x12 ./MCAL/MADC/MADC_Program.o
                0x0000072a                MADC_u16ADCStartConversion_ISR
 .text.MADC_VidADC_ReturnADC
                0x0000073c        0x8 ./MCAL/MADC/MADC_Program.o
                0x0000073c                MADC_VidADC_ReturnADC
 .text.MADC_VidADC_SetCallBack
                0x00000744        0xa ./MCAL/MADC/MADC_Program.o
                0x00000744                MADC_VidADC_SetCallBack
 .text.__vector_16
                0x0000074e       0x4e ./MCAL/MADC/MADC_Program.o
                0x0000074e                __vector_16
 .text.HMOTOR_VidHold
                0x0000079c       0x16 ./HAL/HMOTOR/HMOTOR_Program.o
                0x0000079c                HMOTOR_VidHold
 .text.HMOTOR_VidBackward
                0x000007b2       0x16 ./HAL/HMOTOR/HMOTOR_Program.o
                0x000007b2                HMOTOR_VidBackward
 .text.HMOTOR_VidForward
                0x000007c8       0x16 ./HAL/HMOTOR/HMOTOR_Program.o
                0x000007c8                HMOTOR_VidForward
 .text.HMOTOR_VidInit
                0x000007de       0x16 ./HAL/HMOTOR/HMOTOR_Program.o
                0x000007de                HMOTOR_VidInit
 .text.HKPD_u8GetKeyPressed
                0x000007f4       0xb2 ./HAL/HKPD/HKPD_Program.o
                0x000007f4                HKPD_u8GetKeyPressed
 .text.HKPD_VidInit
                0x000008a6       0x22 ./HAL/HKPD/HKPD_Program.o
                0x000008a6                HKPD_VidInit
 .text.HCLCD_VidWriteChar_4Bits
                0x000008c8       0x92 ./HAL/HCLCD/HCLCD_Program.o
                0x000008c8                HCLCD_VidWriteChar_4Bits
 .text.HCLCD_VidWriteNumber_4Bits
                0x0000095a       0xd2 ./HAL/HCLCD/HCLCD_Program.o
                0x0000095a                HCLCD_VidWriteNumber_4Bits
 .text.HCLCD_VidWriteString4Bits
                0x00000a2c       0x26 ./HAL/HCLCD/HCLCD_Program.o
                0x00000a2c                HCLCD_VidWriteString4Bits
 .text.HCLCD_VidWriteCommand_4Bits
                0x00000a52       0x92 ./HAL/HCLCD/HCLCD_Program.o
                0x00000a52                HCLCD_VidWriteCommand_4Bits
 .text.HCLCD_vid4Bits_Init
                0x00000ae4       0xc0 ./HAL/HCLCD/HCLCD_Program.o
                0x00000ae4                HCLCD_vid4Bits_Init
 .text.HCLCD_VidWriteCommand_8Bits
                0x00000ba4       0x5c ./HAL/HCLCD/HCLCD_Program.o
                0x00000ba4                HCLCD_VidWriteCommand_8Bits
 .text.HCLCD_VidSetPosition_8Bits
                0x00000c00       0x24 ./HAL/HCLCD/HCLCD_Program.o
                0x00000c00                HCLCD_VidSetPosition_8Bits
 .text.HCLCD_VidWriteChar_8Bits
                0x00000c24       0x5c ./HAL/HCLCD/HCLCD_Program.o
                0x00000c24                HCLCD_VidWriteChar_8Bits
 .text.HCLCD_VidWriteNumber_8Bits
                0x00000c80       0xd2 ./HAL/HCLCD/HCLCD_Program.o
                0x00000c80                HCLCD_VidWriteNumber_8Bits
 .text.HCLCD_VidWriteString_8Bits
                0x00000d52       0x26 ./HAL/HCLCD/HCLCD_Program.o
                0x00000d52                HCLCD_VidWriteString_8Bits
 .text.HCLCD_Vid8Bits_Init
                0x00000d78       0x76 ./HAL/HCLCD/HCLCD_Program.o
                0x00000d78                HCLCD_Vid8Bits_Init
 .text.xCoRoutineRemoveFromEventList
                0x00000dee       0x4e ./Free_RTOS/croutine.o
                0x00000dee                xCoRoutineRemoveFromEventList
 .text.vCoRoutineSchedule
                0x00000e3c      0x1c0 ./Free_RTOS/croutine.o
                0x00000e3c                vCoRoutineSchedule
 .text.vCoRoutineAddToDelayedList
                0x00000ffc       0x7a ./Free_RTOS/croutine.o
                0x00000ffc                vCoRoutineAddToDelayedList
 .text.xCoRoutineCreate
                0x00001076       0xf4 ./Free_RTOS/croutine.o
                0x00001076                xCoRoutineCreate
 .text.vPortFree
                0x0000116a        0x2 ./Free_RTOS/heap_1.o
                0x0000116a                vPortFree
 .text.vPortInitialiseBlocks
                0x0000116c        0xa ./Free_RTOS/heap_1.o
                0x0000116c                vPortInitialiseBlocks
 .text.xPortGetFreeHeapSize
                0x00001176       0x14 ./Free_RTOS/heap_1.o
                0x00001176                xPortGetFreeHeapSize
 .text.pvPortMalloc
                0x0000118a       0x4e ./Free_RTOS/heap_1.o
                0x0000118a                pvPortMalloc
 .text.vListInitialise
                0x000011d8       0x20 ./Free_RTOS/list.o
                0x000011d8                vListInitialise
 .text.vListInitialiseItem
                0x000011f8        0x8 ./Free_RTOS/list.o
                0x000011f8                vListInitialiseItem
 .text.vListInsertEnd
                0x00001200       0x52 ./Free_RTOS/list.o
                0x00001200                vListInsertEnd
 .text.vListInsert
                0x00001252       0x6a ./Free_RTOS/list.o
                0x00001252                vListInsert
 .text.vListRemove
                0x000012bc       0x50 ./Free_RTOS/list.o
                0x000012bc                vListRemove
 .text.pxPortInitialiseStack
                0x0000130c       0x90 ./Free_RTOS/port.o
                0x0000130c                pxPortInitialiseStack
 .text.xPortStartScheduler
                0x0000139c       0x6a ./Free_RTOS/port.o
                0x0000139c                xPortStartScheduler
 .text.vPortEndScheduler
                0x00001406        0x2 ./Free_RTOS/port.o
                0x00001406                vPortEndScheduler
 .text.vPortYieldFromTick
                0x00001408       0xb6 ./Free_RTOS/port.o
                0x00001408                vPortYieldFromTick
 .text.__vector_7
                0x000014be        0x6 ./Free_RTOS/port.o
                0x000014be                __vector_7
 .text.vPortYield
                0x000014c4       0xb2 ./Free_RTOS/port.o
                0x000014c4                vPortYield
 .text.uxQueueMessagesWaiting
                0x00001576       0x10 ./Free_RTOS/queue.o
                0x00001576                uxQueueMessagesWaiting
 .text.uxQueueMessagesWaitingFromISR
                0x00001586        0x6 ./Free_RTOS/queue.o
                0x00001586                uxQueueMessagesWaitingFromISR
 .text.xQueueIsQueueEmptyFromISR
                0x0000158c       0x10 ./Free_RTOS/queue.o
                0x0000158c                xQueueIsQueueEmptyFromISR
 .text.xQueueIsQueueFullFromISR
                0x0000159c       0x12 ./Free_RTOS/queue.o
                0x0000159c                xQueueIsQueueFullFromISR
 .text.vQueueDelete
                0x000015ae       0x1c ./Free_RTOS/queue.o
                0x000015ae                vQueueDelete
 .text.xQueueReceiveFromISR
                0x000015ca       0x7e ./Free_RTOS/queue.o
                0x000015ca                xQueueReceiveFromISR
 .text.prvUnlockQueue
                0x00001648       0x80 ./Free_RTOS/queue.o
 .text.xQueueGenericReceive
                0x000016c8      0x1ca ./Free_RTOS/queue.o
                0x000016c8                xQueueGenericReceive
 .text.prvCopyDataToQueue
                0x00001892       0x98 ./Free_RTOS/queue.o
 .text.xQueueGenericSendFromISR
                0x0000192a       0x50 ./Free_RTOS/queue.o
                0x0000192a                xQueueGenericSendFromISR
 .text.xQueueGenericSend
                0x0000197a      0x148 ./Free_RTOS/queue.o
                0x0000197a                xQueueGenericSend
 .text.xQueueCreateMutex
                0x00001ac2       0x58 ./Free_RTOS/queue.o
                0x00001ac2                xQueueCreateMutex
 .text.xQueueCreate
                0x00001b1a       0xbe ./Free_RTOS/queue.o
                0x00001b1a                xQueueCreate
 .text.xQueueCreateCountingSemaphore
                0x00001bd8       0x18 ./Free_RTOS/queue.o
                0x00001bd8                xQueueCreateCountingSemaphore
 .text.vTaskSuspendAll
                0x00001bf0        0xc ./Free_RTOS/tasks.o
                0x00001bf0                vTaskSuspendAll
 .text.xTaskGetTickCount
                0x00001bfc       0x16 ./Free_RTOS/tasks.o
                0x00001bfc                xTaskGetTickCount
 .text.xTaskGetTickCountFromISR
                0x00001c12        0xc ./Free_RTOS/tasks.o
                0x00001c12                xTaskGetTickCountFromISR
 .text.uxTaskGetNumberOfTasks
                0x00001c1e        0x6 ./Free_RTOS/tasks.o
                0x00001c1e                uxTaskGetNumberOfTasks
 .text.vTaskSwitchContext
                0x00001c24       0x84 ./Free_RTOS/tasks.o
                0x00001c24                vTaskSwitchContext
 .text.vTaskSetTimeOutState
                0x00001ca8       0x16 ./Free_RTOS/tasks.o
                0x00001ca8                vTaskSetTimeOutState
 .text.xTaskCheckForTimeOut
                0x00001cbe       0x74 ./Free_RTOS/tasks.o
                0x00001cbe                xTaskCheckForTimeOut
 .text.vTaskMissedYield
                0x00001d32        0x8 ./Free_RTOS/tasks.o
                0x00001d32                vTaskMissedYield
 .text.xTaskGetCurrentTaskHandle
                0x00001d3a        0xc ./Free_RTOS/tasks.o
                0x00001d3a                xTaskGetCurrentTaskHandle
 .text.vTaskPriorityDisinherit
                0x00001d46       0x5a ./Free_RTOS/tasks.o
                0x00001d46                vTaskPriorityDisinherit
 .text.vTaskPriorityInherit
                0x00001da0       0x94 ./Free_RTOS/tasks.o
                0x00001da0                vTaskPriorityInherit
 .text.xTaskRemoveFromEventList
                0x00001e34       0x7e ./Free_RTOS/tasks.o
                0x00001e34                xTaskRemoveFromEventList
 .text.vTaskIncrementTick
                0x00001eb2      0x148 ./Free_RTOS/tasks.o
                0x00001eb2                vTaskIncrementTick
 .text.prvAddCurrentTaskToDelayedList
                0x00001ffa       0x6e ./Free_RTOS/tasks.o
 .text.vTaskPlaceOnEventList
                0x00002068       0x3a ./Free_RTOS/tasks.o
                0x00002068                vTaskPlaceOnEventList
 .text.xTaskResumeAll
                0x000020a2       0xf6 ./Free_RTOS/tasks.o
                0x000020a2                xTaskResumeAll
 .text.vTaskDelay
                0x00002198       0x4e ./Free_RTOS/tasks.o
                0x00002198                vTaskDelay
 .text.vTaskDelayUntil
                0x000021e6       0x78 ./Free_RTOS/tasks.o
                0x000021e6                vTaskDelayUntil
 .text.vTaskDelete
                0x0000225e       0x9a ./Free_RTOS/tasks.o
                0x0000225e                vTaskDelete
 .text.vTaskEndScheduler
                0x000022f8        0xc ./Free_RTOS/tasks.o
                0x000022f8                vTaskEndScheduler
 .text.prvIdleTask
                0x00002304       0x66 ./Free_RTOS/tasks.o
 .text.xTaskGenericCreate
                0x0000236a      0x200 ./Free_RTOS/tasks.o
                0x0000236a                xTaskGenericCreate
 .text.vTaskStartScheduler
                0x0000256a       0x56 ./Free_RTOS/tasks.o
                0x0000256a                vTaskStartScheduler
 .text.Timer_ISR
                0x000025c0       0xa6 ./main.o
                0x000025c0                Timer_ISR
 .text.ADC_SetNotification
                0x00002666       0x18 ./main.o
                0x00002666                ADC_SetNotification
 .text.Task_Control
                0x0000267e      0x12a ./main.o
                0x0000267e                Task_Control
 .text.Task_Buzzer
                0x000027a8       0xee ./main.o
                0x000027a8                Task_Buzzer
 .text.Task_Servo
                0x00002896       0x94 ./main.o
                0x00002896                Task_Servo
 .text.DC_Control
                0x0000292a       0x76 ./main.o
                0x0000292a                DC_Control
 .text.Task_TEMP
                0x000029a0       0xf2 ./main.o
                0x000029a0                Task_TEMP
 .text.Task_LDR
                0x00002a92       0xc6 ./main.o
                0x00002a92                Task_LDR
 .text.Task_Water_Read
                0x00002b58       0xd0 ./main.o
                0x00002b58                Task_Water_Read
 .text.Task_SSD
                0x00002c28      0x12e ./main.o
                0x00002c28                Task_SSD
 .text.Task_PIR_Motion
                0x00002d56       0x40 ./main.o
                0x00002d56                Task_PIR_Motion
 .text.main     0x00002d96      0x216 ./main.o
                0x00002d96                main
 .text.libgcc   0x00002fac       0x3e e:/00 3 nti emedded systems/module 2. avr/avr tools/sdk_win_64/sdk_win_64/winavr/bin/../lib/gcc/avr/4.3.3/avr5\libgcc.a(_mulsi3.o)
                0x00002fac                __mulsi3
 .text.libgcc   0x00002fea       0x28 e:/00 3 nti emedded systems/module 2. avr/avr tools/sdk_win_64/sdk_win_64/winavr/bin/../lib/gcc/avr/4.3.3/avr5\libgcc.a(_udivmodhi4.o)
                0x00002fea                __udivmodhi4
 .text.libgcc   0x00003012       0x44 e:/00 3 nti emedded systems/module 2. avr/avr tools/sdk_win_64/sdk_win_64/winavr/bin/../lib/gcc/avr/4.3.3/avr5\libgcc.a(_udivmodsi4.o)
                0x00003012                __udivmodsi4
 .text.libgcc   0x00003056        0x0 e:/00 3 nti emedded systems/module 2. avr/avr tools/sdk_win_64/sdk_win_64/winavr/bin/../lib/gcc/avr/4.3.3/avr5\libgcc.a(_exit.o)
 .text.libgcc   0x00003056        0x0 e:/00 3 nti emedded systems/module 2. avr/avr tools/sdk_win_64/sdk_win_64/winavr/bin/../lib/gcc/avr/4.3.3/avr5\libgcc.a(_copy_data.o)
 .text.libgcc   0x00003056        0x0 e:/00 3 nti emedded systems/module 2. avr/avr tools/sdk_win_64/sdk_win_64/winavr/bin/../lib/gcc/avr/4.3.3/avr5\libgcc.a(_clear_bss.o)
 .text.avr-libc
                0x00003056       0x12 e:/00 3 nti emedded systems/module 2. avr/avr tools/sdk_win_64/sdk_win_64/winavr/bin/../lib/gcc/avr/4.3.3/../../../../avr/lib/avr5\libc.a(memcpy.o)
                0x00003056                memcpy
 .text.avr-libc
                0x00003068        0xe e:/00 3 nti emedded systems/module 2. avr/avr tools/sdk_win_64/sdk_win_64/winavr/bin/../lib/gcc/avr/4.3.3/../../../../avr/lib/avr5\libc.a(memset.o)
                0x00003068                memset
 .text.avr-libc
                0x00003076       0x1e e:/00 3 nti emedded systems/module 2. avr/avr tools/sdk_win_64/sdk_win_64/winavr/bin/../lib/gcc/avr/4.3.3/../../../../avr/lib/avr5\libc.a(strncpy.o)
                0x00003076                strncpy
                0x00003094                . = ALIGN (0x2)
 *(.fini9)
 .fini9         0x00003094        0x0 e:/00 3 nti emedded systems/module 2. avr/avr tools/sdk_win_64/sdk_win_64/winavr/bin/../lib/gcc/avr/4.3.3/avr5\libgcc.a(_exit.o)
                0x00003094                exit
                0x00003094                _exit
 *(.fini9)
 *(.fini8)
 *(.fini8)
 *(.fini7)
 *(.fini7)
 *(.fini6)
 *(.fini6)
 *(.fini5)
 *(.fini5)
 *(.fini4)
 *(.fini4)
 *(.fini3)
 *(.fini3)
 *(.fini2)
 *(.fini2)
 *(.fini1)
 *(.fini1)
 *(.fini0)
 .fini0         0x00003094        0x4 e:/00 3 nti emedded systems/module 2. avr/avr tools/sdk_win_64/sdk_win_64/winavr/bin/../lib/gcc/avr/4.3.3/avr5\libgcc.a(_exit.o)
 *(.fini0)
                0x00003098                _etext = .

.data           0x00800060       0x36 load address 0x00003098
                0x00800060                PROVIDE (__data_start, .)
 *(.data)
 .data          0x00800060        0x0 e:/00 3 nti emedded systems/module 2. avr/avr tools/sdk_win_64/sdk_win_64/winavr/bin/../lib/gcc/avr/4.3.3/../../../../avr/lib/avr5/crtm32.o
 .data          0x00800060        0x0 ./MCAL/Timer/TIMER0_Program.o
 .data          0x00800060        0x0 ./MCAL/MUSART/MUSART_Program.o
 .data          0x00800060        0x0 ./MCAL/MGIE/MGIE_Program.o
 .data          0x00800060        0x0 ./MCAL/MDIO/MDIO_Program.o
 .data          0x00800060        0x0 ./MCAL/MADC/MADC_Program.o
 .data          0x00800060        0x0 ./HAL/HMOTOR/HMOTOR_Program.o
 .data          0x00800060        0x0 ./HAL/HKPD/HKPD_Program.o
 .data          0x00800060        0x0 ./HAL/HCLCD/HCLCD_Program.o
 .data          0x00800060        0x0 ./Free_RTOS/croutine.o
 .data          0x00800060        0x0 ./Free_RTOS/heap_1.o
 .data          0x00800060        0x0 ./Free_RTOS/list.o
 .data          0x00800060        0x0 ./Free_RTOS/port.o
 .data          0x00800060        0x0 ./Free_RTOS/queue.o
 .data          0x00800060        0x5 ./Free_RTOS/tasks.o
 .data          0x00800065        0x0 ./Free_RTOS/timers.o
 .data          0x00800065        0x0 ./main.o
 .data          0x00800065        0x0 e:/00 3 nti emedded systems/module 2. avr/avr tools/sdk_win_64/sdk_win_64/winavr/bin/../lib/gcc/avr/4.3.3/avr5\libgcc.a(_mulsi3.o)
 .data          0x00800065        0x0 e:/00 3 nti emedded systems/module 2. avr/avr tools/sdk_win_64/sdk_win_64/winavr/bin/../lib/gcc/avr/4.3.3/avr5\libgcc.a(_udivmodhi4.o)
 .data          0x00800065        0x0 e:/00 3 nti emedded systems/module 2. avr/avr tools/sdk_win_64/sdk_win_64/winavr/bin/../lib/gcc/avr/4.3.3/avr5\libgcc.a(_udivmodsi4.o)
 .data          0x00800065        0x0 e:/00 3 nti emedded systems/module 2. avr/avr tools/sdk_win_64/sdk_win_64/winavr/bin/../lib/gcc/avr/4.3.3/avr5\libgcc.a(_exit.o)
 .data          0x00800065        0x0 e:/00 3 nti emedded systems/module 2. avr/avr tools/sdk_win_64/sdk_win_64/winavr/bin/../lib/gcc/avr/4.3.3/avr5\libgcc.a(_copy_data.o)
 .data          0x00800065        0x0 e:/00 3 nti emedded systems/module 2. avr/avr tools/sdk_win_64/sdk_win_64/winavr/bin/../lib/gcc/avr/4.3.3/avr5\libgcc.a(_clear_bss.o)
 .data          0x00800065        0x0 e:/00 3 nti emedded systems/module 2. avr/avr tools/sdk_win_64/sdk_win_64/winavr/bin/../lib/gcc/avr/4.3.3/../../../../avr/lib/avr5\libc.a(memcpy.o)
 .data          0x00800065        0x0 e:/00 3 nti emedded systems/module 2. avr/avr tools/sdk_win_64/sdk_win_64/winavr/bin/../lib/gcc/avr/4.3.3/../../../../avr/lib/avr5\libc.a(memset.o)
 .data          0x00800065        0x0 e:/00 3 nti emedded systems/module 2. avr/avr tools/sdk_win_64/sdk_win_64/winavr/bin/../lib/gcc/avr/4.3.3/../../../../avr/lib/avr5\libc.a(strncpy.o)
 *(.data*)
 .data.xNextTaskUnblockTime
                0x00800065        0x2 ./Free_RTOS/tasks.o
 .data.ARR_7_Seg_Display
                0x00800067        0xa ./main.o
                0x00800067                ARR_7_Seg_Display
 .data.ARR_7_Seg_Display_Point
                0x00800071        0xa ./main.o
                0x00800071                ARR_7_Seg_Display_Point
 .data.Analog_TEMP.1771
                0x0080007b        0x2 ./main.o
 .data.LDRFlag.1752
                0x0080007d        0x1 ./main.o
 .data.Analog_LDR.1751
                0x0080007e        0x2 ./main.o
 .data.Digital.1738
                0x00800080        0x2 ./main.o
 .data.Water_Data.1702
                0x00800082        0x1 ./main.o
 .data.Temp_Data.1701
                0x00800083        0x1 ./main.o
 .data.Direction.1690
                0x00800084        0x1 ./main.o
 *(.rodata)
 *(.rodata*)
 .rodata.KPD_u8SwitchVal
                0x00800085       0x10 ./HAL/HKPD/HKPD_Program.o
                0x00800085                KPD_u8SwitchVal
 *(.gnu.linkonce.d*)
                0x00800096                . = ALIGN (0x2)
 *fill*         0x00800095        0x1 00
                0x00800096                _edata = .
                0x00800096                PROVIDE (__data_end, .)

.bss            0x00800096      0x73c
                0x00800096                PROVIDE (__bss_start, .)
 *(.bss)
 .bss           0x00800096        0x0 e:/00 3 nti emedded systems/module 2. avr/avr tools/sdk_win_64/sdk_win_64/winavr/bin/../lib/gcc/avr/4.3.3/../../../../avr/lib/avr5/crtm32.o
 .bss           0x00800096        0x0 ./MCAL/Timer/TIMER0_Program.o
 .bss           0x00800096        0x0 ./MCAL/MUSART/MUSART_Program.o
 .bss           0x00800096        0x0 ./MCAL/MGIE/MGIE_Program.o
 .bss           0x00800096        0x0 ./MCAL/MDIO/MDIO_Program.o
 .bss           0x00800096        0x0 ./MCAL/MADC/MADC_Program.o
 .bss           0x00800096        0x0 ./HAL/HMOTOR/HMOTOR_Program.o
 .bss           0x00800096        0x0 ./HAL/HKPD/HKPD_Program.o
 .bss           0x00800096        0x0 ./HAL/HCLCD/HCLCD_Program.o
 .bss           0x00800096        0x0 ./Free_RTOS/croutine.o
 .bss           0x00800096        0x0 ./Free_RTOS/heap_1.o
 .bss           0x00800096        0x0 ./Free_RTOS/list.o
 .bss           0x00800096        0x0 ./Free_RTOS/port.o
 .bss           0x00800096        0x0 ./Free_RTOS/queue.o
 .bss           0x00800096        0x0 ./Free_RTOS/tasks.o
 .bss           0x00800096        0x0 ./Free_RTOS/timers.o
 .bss           0x00800096        0x0 ./main.o
 .bss           0x00800096        0x0 e:/00 3 nti emedded systems/module 2. avr/avr tools/sdk_win_64/sdk_win_64/winavr/bin/../lib/gcc/avr/4.3.3/avr5\libgcc.a(_mulsi3.o)
 .bss           0x00800096        0x0 e:/00 3 nti emedded systems/module 2. avr/avr tools/sdk_win_64/sdk_win_64/winavr/bin/../lib/gcc/avr/4.3.3/avr5\libgcc.a(_udivmodhi4.o)
 .bss           0x00800096        0x0 e:/00 3 nti emedded systems/module 2. avr/avr tools/sdk_win_64/sdk_win_64/winavr/bin/../lib/gcc/avr/4.3.3/avr5\libgcc.a(_udivmodsi4.o)
 .bss           0x00800096        0x0 e:/00 3 nti emedded systems/module 2. avr/avr tools/sdk_win_64/sdk_win_64/winavr/bin/../lib/gcc/avr/4.3.3/avr5\libgcc.a(_exit.o)
 .bss           0x00800096        0x0 e:/00 3 nti emedded systems/module 2. avr/avr tools/sdk_win_64/sdk_win_64/winavr/bin/../lib/gcc/avr/4.3.3/avr5\libgcc.a(_copy_data.o)
 .bss           0x00800096        0x0 e:/00 3 nti emedded systems/module 2. avr/avr tools/sdk_win_64/sdk_win_64/winavr/bin/../lib/gcc/avr/4.3.3/avr5\libgcc.a(_clear_bss.o)
 .bss           0x00800096        0x0 e:/00 3 nti emedded systems/module 2. avr/avr tools/sdk_win_64/sdk_win_64/winavr/bin/../lib/gcc/avr/4.3.3/../../../../avr/lib/avr5\libc.a(memcpy.o)
 .bss           0x00800096        0x0 e:/00 3 nti emedded systems/module 2. avr/avr tools/sdk_win_64/sdk_win_64/winavr/bin/../lib/gcc/avr/4.3.3/../../../../avr/lib/avr5\libc.a(memset.o)
 .bss           0x00800096        0x0 e:/00 3 nti emedded systems/module 2. avr/avr tools/sdk_win_64/sdk_win_64/winavr/bin/../lib/gcc/avr/4.3.3/../../../../avr/lib/avr5\libc.a(strncpy.o)
 *(.bss*)
 .bss.pxCurrentCoRoutine
                0x00800096        0x2 ./Free_RTOS/croutine.o
                0x00800096                pxCurrentCoRoutine
 .bss.uxTopCoRoutineReadyPriority
                0x00800098        0x1 ./Free_RTOS/croutine.o
 .bss.xLastTickCount
                0x00800099        0x2 ./Free_RTOS/croutine.o
 .bss.xPassedTicks
                0x0080009b        0x2 ./Free_RTOS/croutine.o
 .bss.xCoRoutineTickCount
                0x0080009d        0x2 ./Free_RTOS/croutine.o
 .bss.pxReadyCoRoutineLists
                0x0080009f       0x12 ./Free_RTOS/croutine.o
 .bss.xDelayedCoRoutineList1
                0x008000b1        0x9 ./Free_RTOS/croutine.o
 .bss.xDelayedCoRoutineList2
                0x008000ba        0x9 ./Free_RTOS/croutine.o
 .bss.pxDelayedCoRoutineList
                0x008000c3        0x2 ./Free_RTOS/croutine.o
 .bss.pxOverflowDelayedCoRoutineList
                0x008000c5        0x2 ./Free_RTOS/croutine.o
 .bss.xPendingReadyCoRoutineList
                0x008000c7        0x9 ./Free_RTOS/croutine.o
 .bss.xNextFreeByte
                0x008000d0        0x2 ./Free_RTOS/heap_1.o
 .bss.xHeap     0x008000d2      0x640 ./Free_RTOS/heap_1.o
 .bss.pxCurrentTCB
                0x00800712        0x2 ./Free_RTOS/tasks.o
                0x00800712                pxCurrentTCB
 .bss.uxTopReadyPriority
                0x00800714        0x1 ./Free_RTOS/tasks.o
 .bss.xMissedYield
                0x00800715        0x1 ./Free_RTOS/tasks.o
 .bss.xNumOfOverflows
                0x00800716        0x1 ./Free_RTOS/tasks.o
 .bss.xTickCount
                0x00800717        0x2 ./Free_RTOS/tasks.o
 .bss.uxSchedulerSuspended
                0x00800719        0x1 ./Free_RTOS/tasks.o
 .bss.uxMissedTicks
                0x0080071a        0x1 ./Free_RTOS/tasks.o
 .bss.uxCurrentNumberOfTasks
                0x0080071b        0x1 ./Free_RTOS/tasks.o
 .bss.xSchedulerRunning
                0x0080071c        0x1 ./Free_RTOS/tasks.o
 .bss.uxTasksDeleted
                0x0080071d        0x1 ./Free_RTOS/tasks.o
 .bss.uxTaskNumber
                0x0080071e        0x1 ./Free_RTOS/tasks.o
 .bss.uxTopUsedPriority
                0x0080071f        0x1 ./Free_RTOS/tasks.o
 .bss.pxReadyTasksLists
                0x00800720       0x5a ./Free_RTOS/tasks.o
 .bss.xDelayedTaskList1
                0x0080077a        0x9 ./Free_RTOS/tasks.o
 .bss.xDelayedTaskList2
                0x00800783        0x9 ./Free_RTOS/tasks.o
 .bss.pxDelayedTaskList
                0x0080078c        0x2 ./Free_RTOS/tasks.o
 .bss.pxOverflowDelayedTaskList
                0x0080078e        0x2 ./Free_RTOS/tasks.o
 .bss.xPendingReadyList
                0x00800790        0x9 ./Free_RTOS/tasks.o
 .bss.xTasksWaitingTermination
                0x00800799        0x9 ./Free_RTOS/tasks.o
 .bss.State     0x008007a2        0x1 ./main.o
                0x008007a2                State
 .bss.Servo_Counter
                0x008007a3        0x1 ./main.o
                0x008007a3                Servo_Counter
 .bss.Direction.1822
                0x008007a4        0x1 ./main.o
 .bss.Customer.1794
                0x008007a5        0x1 ./main.o
 .bss.Temp_1.1793
                0x008007a6        0x1 ./main.o
 .bss.LDR_1.1792
                0x008007a7        0x1 ./main.o
 .bss.Level.1791
                0x008007a8        0x1 ./main.o
 .bss.Motion.1790
                0x008007a9        0x1 ./main.o
 .bss.Digital.1753
                0x008007aa        0x2 ./main.o
 .bss.Number.1719
                0x008007ac        0x2 ./main.o
 .bss.SSDFlag.1718
                0x008007ae        0x2 ./main.o
 .bss.Counter.1691
                0x008007b0        0x1 ./main.o
 .bss.Motor_Start.1679
                0x008007b1        0x1 ./main.o
 .bss.DC_Counter.1678
                0x008007b2        0x1 ./main.o
 .bss.Value.1670
                0x008007b3        0x1 ./main.o
 *(COMMON)
 COMMON         0x008007b4        0x2 ./MCAL/Timer/TIMER0_Program.o
                0x008007b4                TIMER0_CallBack
 COMMON         0x008007b6        0x2 ./MCAL/MUSART/MUSART_Program.o
                0x008007b6                MUSART_CallBack
 COMMON         0x008007b8        0x2 ./MCAL/MADC/MADC_Program.o
                0x008007b8                MADC_CallBack
 COMMON         0x008007ba       0x18 ./main.o
                0x008007ba                Water_Good_Buffer
                0x008007bc                Motion_Buffer
                0x008007be                Water_Alarm_Buffer
                0x008007c0                Temp_Alarm_Buffer
                0x008007c2                ADCSem
                0x008007c4                Servo_Direction_Buffer
                0x008007c6                New_Customer_Buffer
                0x008007c8                Motor_Start_Buffer
                0x008007ca                DCBuffer
                0x008007cc                Motor_Buffer
                0x008007ce                Temp_Display_Buffer
                0x008007d0                Temp_Good_Buffer
                0x008007d2                PROVIDE (__bss_end, .)
                0x00003098                __data_load_start = LOADADDR (.data)
                0x000030ce                __data_load_end = (__data_load_start + SIZEOF (.data))

.noinit         0x008007d2        0x0
                0x008007d2                PROVIDE (__noinit_start, .)
 *(.noinit*)
                0x008007d2                PROVIDE (__noinit_end, .)
                0x008007d2                _end = .
                0x008007d2                PROVIDE (__heap_start, .)

.eeprom         0x00810000        0x0
 *(.eeprom*)
                0x00810000                __eeprom_end = .

.fuse
 *(.fuse)
 *(.lfuse)
 *(.hfuse)
 *(.efuse)

.lock
 *(.lock*)

.signature
 *(.signature*)

.stab
 *(.stab)

.stabstr
 *(.stabstr)

.stab.excl
 *(.stab.excl)

.stab.exclstr
 *(.stab.exclstr)

.stab.index
 *(.stab.index)

.stab.indexstr
 *(.stab.indexstr)

.comment
 *(.comment)

.debug
 *(.debug)

.line
 *(.line)

.debug_srcinfo
 *(.debug_srcinfo)

.debug_sfnames
 *(.debug_sfnames)

.debug_aranges
 *(.debug_aranges)

.debug_pubnames
 *(.debug_pubnames)

.debug_info
 *(.debug_info)
 *(.gnu.linkonce.wi.*)

.debug_abbrev
 *(.debug_abbrev)

.debug_line
 *(.debug_line)

.debug_frame
 *(.debug_frame)

.debug_str
 *(.debug_str)

.debug_loc
 *(.debug_loc)

.debug_macinfo
 *(.debug_macinfo)
OUTPUT(Sterilization_Gate_Project.elf elf32-avr)
LOAD linker stubs
